__extmap:o
__hash:C
__meta:I
_hash:nc
_meta:sb
_next:Yb
_rest:Qd
_seq:Ac
active_:oc
actualEventTarget_:hf
afn:v
afterRender:gd
ajax$protocols$AjaxImpl$_js_ajax_request$arity$3:Rd
ajax$protocols$AjaxResponse$_body$arity$1:Sd
ajax$protocols$AjaxResponse$_get_response_header$arity$2:Td
ajax$protocols$AjaxResponse$_status$arity$1:Ud
ajax$protocols$AjaxResponse$_status_text$arity$1:Vd
ajax$protocols$AjaxResponse$_was_aborted$arity$1:Wd
ajax$protocols$Interceptor$_process_request$arity$2:Bc
ajax$protocols$Interceptor$_process_response$arity$2:Cc
args:Dc
arr:m
auto_run:Gb
base_count:ye
beforeFlush:jf
bitmap:oa
buf:Zb
buf_len:Xd
buf_pos:wb
buffer_:Rb
cachedOptions_:ze
cached_hierarchy:jd
callOnce:kd
capped:Ec
captured:Yd
caught:Zd
cause:Ae
cb:Be
cform:ld
chunk:ea
chunk_next:Lb
ci:md
cljs$core$APersistentVector$:$d
cljs$core$Fn$:Ce
cljs$core$IAssociative$:De
cljs$core$IAssociative$_assoc$arity$3:ia
cljs$core$IAssociative$_contains_key_QMARK_$arity$2:Ua
cljs$core$IChunk$_drop_first$arity$1:ae
cljs$core$IChunkedNext$_chunked_next$arity$1:nd
cljs$core$IChunkedSeq$:jg
cljs$core$IChunkedSeq$_chunked_first$arity$1:Fc
cljs$core$IChunkedSeq$_chunked_rest$arity$1:Sb
cljs$core$ICollection$:kg
cljs$core$ICollection$_conj$arity$2:ga
cljs$core$IComparable$:$b
cljs$core$IComparable$_compare$arity$2:Mb
cljs$core$ICounted$:kf
cljs$core$ICounted$_count$arity$1:ca
cljs$core$IDeref$:Gc
cljs$core$IDeref$_deref$arity$1:Ra
cljs$core$IEditableCollection$:lf
cljs$core$IEditableCollection$_as_transient$arity$1:pc
cljs$core$IEmptyableCollection$:mf
cljs$core$IEmptyableCollection$_empty$arity$1:pa
cljs$core$IEncodeClojure$:lg
cljs$core$IEncodeClojure$_js__GT_clj$arity$2:nf
cljs$core$IEncodeJS$:pf
cljs$core$IEncodeJS$_clj__GT_js$arity$1:qf
cljs$core$IEquiv$_equiv$arity$2:N
cljs$core$IFind$:Hc
cljs$core$IFind$_find$arity$2:qc
cljs$core$IFn$:mg
cljs$core$IFn$_invoke$arity$0:l
cljs$core$IFn$_invoke$arity$1:g
cljs$core$IFn$_invoke$arity$10:wa
cljs$core$IFn$_invoke$arity$11:xa
cljs$core$IFn$_invoke$arity$12:ya
cljs$core$IFn$_invoke$arity$13:za
cljs$core$IFn$_invoke$arity$14:Aa
cljs$core$IFn$_invoke$arity$15:Ba
cljs$core$IFn$_invoke$arity$16:Ca
cljs$core$IFn$_invoke$arity$17:Da
cljs$core$IFn$_invoke$arity$18:Ea
cljs$core$IFn$_invoke$arity$19:Fa
cljs$core$IFn$_invoke$arity$2:h
cljs$core$IFn$_invoke$arity$20:Ga
cljs$core$IFn$_invoke$arity$22:rc
cljs$core$IFn$_invoke$arity$3:i
cljs$core$IFn$_invoke$arity$4:A
cljs$core$IFn$_invoke$arity$5:T
cljs$core$IFn$_invoke$arity$6:ja
cljs$core$IFn$_invoke$arity$7:Ha
cljs$core$IFn$_invoke$arity$8:qa
cljs$core$IFn$_invoke$arity$9:Ia
cljs$core$IFn$_invoke$arity$variadic:j
cljs$core$IHash$:rf
cljs$core$IHash$_hash$arity$1:X
cljs$core$IIndexed$:Ee
cljs$core$IIndexed$_nth$arity$2:Y
cljs$core$IIndexed$_nth$arity$3:Pa
cljs$core$IIterable$:ng
cljs$core$IIterable$_iterator$arity$1:ra
cljs$core$IKVReduce$:og
cljs$core$IKVReduce$_kv_reduce$arity$3:ab
cljs$core$IList$:pg
cljs$core$ILookup$:sf
cljs$core$ILookup$_lookup$arity$2:fa
cljs$core$ILookup$_lookup$arity$3:O
cljs$core$IMap$:Fe
cljs$core$IMap$_dissoc$arity$2:mb
cljs$core$IMapEntry$:qg
cljs$core$IMapEntry$_key$arity$1:tf
cljs$core$IMapEntry$_val$arity$1:uf
cljs$core$IMeta$:od
cljs$core$IMeta$_meta$arity$1:U
cljs$core$IMultiFn$_add_method$arity$3:K
cljs$core$INamed$:Ge
cljs$core$INamed$_name$arity$1:Ic
cljs$core$INamed$_namespace$arity$1:Jc
cljs$core$INext$:Kc
cljs$core$INext$_next$arity$1:ua
cljs$core$IPending$:rg
cljs$core$IPending$_realized_QMARK_$arity$1:pd
cljs$core$IPrintWithWriter$:la
cljs$core$IPrintWithWriter$_pr_writer$arity$3:W
cljs$core$IRecord$:sg
cljs$core$IReduce$:vf
cljs$core$IReduce$_reduce$arity$2:Na
cljs$core$IReduce$_reduce$arity$3:Oa
cljs$core$IReset$_reset_BANG_$arity$2:jb
cljs$core$IReversible$:tg
cljs$core$IReversible$_rseq$arity$1:Lc
cljs$core$ISeq$:Tb
cljs$core$ISeq$_first$arity$1:Ka
cljs$core$ISeq$_rest$arity$1:La
cljs$core$ISeqable$:wf
cljs$core$ISeqable$_seq$arity$1:$
cljs$core$ISequential$:be
cljs$core$ISet$:He
cljs$core$ISet$_disjoin$arity$2:Ie
cljs$core$ISorted$:ug
cljs$core$IStack$_peek$arity$1:ac
cljs$core$IStack$_pop$arity$1:bc
cljs$core$ISwap$_swap_BANG_$arity$2:qd
cljs$core$ISwap$_swap_BANG_$arity$3:rd
cljs$core$ISwap$_swap_BANG_$arity$4:sd
cljs$core$ISwap$_swap_BANG_$arity$5:td
cljs$core$ITransientAssociative$_assoc_BANG_$arity$3:sc
cljs$core$ITransientCollection$_conj_BANG_$arity$2:tc
cljs$core$ITransientCollection$_persistent_BANG_$arity$1:Mc
cljs$core$IVector$:xf
cljs$core$IVector$_assoc_n$arity$3:cc
cljs$core$IWatchable$_add_watch$arity$3:Nc
cljs$core$IWatchable$_notify_watches$arity$3:ud
cljs$core$IWatchable$_remove_watch$arity$2:Oc
cljs$core$IWithMeta$_with_meta$arity$2:V
cljs$core$IWriter$_flush$arity$1:Hb
cljs$core$IWriter$_write$arity$2:Ub
cljs$lang$applyTo:F
cljs$lang$ctorPrWriter:qb
cljs$lang$ctorStr:kb
cljs$lang$macro:vg
cljs$lang$maxFixedArity:D
cljs$lang$protocol_mask$partition$:vd
cljs$lang$protocol_mask$partition0$:u
cljs$lang$protocol_mask$partition1$:M
cljs$lang$test:yf
cljs$lang$type:nb
cljs$pprint$IPrettyFlush$_ppflush$arity$1:ce
cljs$spec$alpha$Spec$:de
cljs$spec$alpha$Spec$conform_STAR_$arity$2:wd
cljs$spec$alpha$Spec$with_gen_STAR_$arity$2:xd
cljs$spec$alpha$Specize$specize_STAR_$arity$1:dc
cljs$spec$alpha$Specize$specize_STAR_$arity$2:ec
cljs$tools$reader$reader_types$IPushbackReader$unread$arity$2:Je
cljs$tools$reader$reader_types$IndexingReader$:wg
cljs$tools$reader$reader_types$IndexingReader$get_column_number$arity$1:zf
cljs$tools$reader$reader_types$IndexingReader$get_file_name$arity$1:Af
cljs$tools$reader$reader_types$IndexingReader$get_line_number$arity$1:Bf
cljs$tools$reader$reader_types$Reader$peek_char$arity$1:Pc
cljs$tools$reader$reader_types$Reader$read_char$arity$1:fc
cljsDOMValue:yd
cljsInputDirty:Ke
cljsInputLive:ee
cljsLegacyRender:Cf
cljsMountOrder:fe
cljsRenderedValue:Df
cljsState:Ef
clojure$data$Diff$diff_similar$arity$2:Ff
clojure$data$EqualityPartition$equality_partition$arity$1:Gf
cnt:H
collision_hash:Nb
com$cognitect$transit$equals:Qc
com$cognitect$transit$hashCode:ge
componentQueue:zd
content_type:Ib
cpred_QMARK_:he
custom:Hf
def:xb
default_dispatch_val:If
dirty_QMARK_:Vb
dispatch_fn:B
disposed_:ie
done_nl:bb
edit:ma
editable_QMARK_:uc
end_pos:P
ensure_editable:hc
equiv:na
errorDispatched_:je
eventTargetListeners_:ic
event_:Rc
ext_map_iter:Le
fields:jc
fn:vc
fn_to_element:Me
forceChunk:Sc
fqn:da
front:lb
fseq:wc
fsm_state:Ad
func:yb
getListener:ke
getSetImmediateEmulator_:Jf
gfn:Tc
handler:Bd
hasNext:va
has_nil_QMARK_:Va
hash_map:Ob
hierarchy:Cd
high_:ka
i:J
ieProgId_:Ne
inAbort_:Uc
inOpen_:le
inSend_:Dd
indent:Ya
inode_assoc:zb
inode_assoc_BANG_:Ab
inode_find:Vc
inode_lookup:Wb
inode_seq:Wc
inode_without:Xc
inputEl:me
intra_block_nl:cb
iter:xc
kv_reduce:Yc
lastErrorCode_:yc
lastError_:kc
lastMethod_:Oe
lastUri_:Ed
last_was_whitespace_QMARK_:Zc
lb:Kf
len:lc
logical_block:Z
logical_block_callback:eb
low_:sa
max_columns:ne
meta10758:G
meta11032:Xa
meta11430:$a
meta11443:Bb
meta11457:hd
meta11467:Lf
meta12433:Mf
meta13193:Nf
meta13379:Of
meta14045:Pf
meta6266:Vf
meta8135:Qf
method_cache:Fd
method_table:Gd
miser_width:Xf
more:Cb
mseq:ha
next_entry:$c
next_iter:Db
nil_val:Wa
nocache_QMARK_:Pe
nodes:Eb
ns:fb
obj:Qe
off:Sa
onProgressHandler_:Re
onReadyStateChangeEntryPoint_:Yf
onReadyStateChange_:Se
on_dispose:Te
on_dispose_arr:Ue
on_set:Zf
opts:$f
params:Fb
parentEventTarget_:Ve
parse_fn:Hd
per_line_prefix:gb
pos:Jb
post_event_callback_fns:ag
pred:ad
preds:oe
prefer_table:bg
progressEventsEnabled_:We
propagationStopped_:bd
ratom:Ja
rdr:Xe
re:Id
reaction:cd
reagReactionCache:pe
reagent$impl$protocols$Compiler$as_element$arity$2:Ye
reagent$impl$protocols$Compiler$get_id$arity$1:cg
reagent$impl$protocols$Compiler$make_element$arity$5:Ze
reagent$impl$protocols$Compiler$parse_tag$arity$3:$e
reagent$ratom$IDisposable$add_on_dispose_BANG_$arity$2:af
reagent$ratom$IDisposable$dispose_BANG_$arity$1:qe
reagent$ratom$IReactiveAtom$:Jd
reagentInput:dg
reagentRefFn:bf
reagentRender:Xb
rear:ob
record:eg
relative_to:rb
removed:dd
responseType_:Kd
rest:Ta
riter:ed
root_iter:cf
s:aa
s_len:df
s_pos:zc
sb:fg
scheduled_QMARK_:Ld
section:hb
seen:re
seq:Kb
setImmediate_:ef
specs:gg
start_col:Za
start_pos:R
str:tb
suffix:ib
superClass_:se
sym:ub
timeoutId_:Md
timeoutInterval_:fd
timeout_:ff
trailing_white_space:vb
transient_map:Pb
trustToken_:te
typeCount_:Nd
type_tag:S
unc:gf
useSetImmediate_:hg
useXhr2Timeout_:ue
uuid:Qb
v:Ma
val:s
validator:ve
vec:pb
watches:Qa
watchesArr:we
watching:mc
withCredentials_:xe
wrapCallback_:ig
writer:ta
xhrOptions_:Od
xhr_:ba
xmlHttpFactory_:Pd
