JSCompiler_StaticMethods__peek:Mt
JSCompiler_StaticMethods__peek_at:St
JSCompiler_StaticMethods__run:Qt
JSCompiler_StaticMethods__set_opts:Tt
JSCompiler_StaticMethods__set_state:Nt
JSCompiler_StaticMethods_add_after_render:nt
JSCompiler_StaticMethods_assoc_BANG_:Mi
JSCompiler_StaticMethods_cleanUpTimeoutTimer_:Nx
JSCompiler_StaticMethods_cleanUpXhr_:Qx
JSCompiler_StaticMethods_cljs$core$IMultiFn$_get_method$arity$2:hk
JSCompiler_StaticMethods_cljs$core$ITransientVector$_assoc_n_BANG_$arity$3:Rh
JSCompiler_StaticMethods_createInstance:Hx
JSCompiler_StaticMethods_dispatchErrors_:Px
JSCompiler_StaticMethods_div:Ka
JSCompiler_StaticMethods_equals:Ma
JSCompiler_StaticMethods_error_:Mx
JSCompiler_StaticMethods_findInternedVar:wk
JSCompiler_StaticMethods_fireListeners:Kv
JSCompiler_StaticMethods_flush_after_render:Ru
JSCompiler_StaticMethods_getOptions:Dx
JSCompiler_StaticMethods_getProgId_:Ex
JSCompiler_StaticMethods_getReadyState:Sx
JSCompiler_StaticMethods_isZero:La
JSCompiler_StaticMethods_markAsRemoved:rv
JSCompiler_StaticMethods_negate:Ga
JSCompiler_StaticMethods_onReadyStateChangeHelper_:Rx
JSCompiler_StaticMethods_re_frame$router$IEventQueue$_call_post_event_callbacks$arity$2:vw
JSCompiler_StaticMethods_re_frame$router$IEventQueue$_fsm_trigger$arity$3:rw
JSCompiler_StaticMethods_re_frame$router$IEventQueue$_pause$arity$2:uw
JSCompiler_StaticMethods_re_frame$router$IEventQueue$_process_1st_event_in_queue$arity$1:sw
JSCompiler_StaticMethods_re_frame$router$IEventQueue$_run_next_tick$arity$1:tw
JSCompiler_StaticMethods_re_frame$router$IEventQueue$_run_queue$arity$1:qw
JSCompiler_StaticMethods_removeByKey:uv
JSCompiler_StaticMethods_schedule:mt
JSCompiler_StaticMethods_sval:Lf
JSCompiler_StaticMethods_toNumber:Ja
JSCompiler_inline_result$jscomp$44:fb
JSCompiler_prototypeAlias:f
JSCompiler_temp$jscomp$522:zH
JSCompiler_temp$jscomp$523:AH
L 0:a
L 1:b
L 10:q
L 11:u
L 12:v
L 13:D
L 14:N
L 15:O
L 16:T
L 17:X
L 18:aa
L 19:ba
L 2:c
L 20:ua
L 21:ia
L 22:w
L 23:E
L 24:H
L 25:K
L 26:M
L 27:Q
L 28:P
L 29:R
L 3:d
L 30:W
L 31:Y
L 32:ca
L 33:da
L 34:ea
L 35:ka
L 36:pa
L 37:ta
L 38:Aa
L 39:Qa
L 4:e
L 40:$a
L 41:lb
L 42:Kb
L 43:Cc
L 44:gf
L 45:Te
L 46:os
L 5:g
L 6:h
L 7:k
L 8:m
L 9:n
ajax$formats$content_type_matches$cljs$0core$0IFn$0_invoke$0arity$01:xx
ajax$formats$detect_content_type$cljs$0core$0IFn$0_invoke$0arity$02:yx
ajax$formats$detect_response_format:sx
ajax$formats$detect_response_format_read$cljs$0core$0IFn$0_invoke$0arity$01:zx
ajax$formats$get_accept_entries$cljs$0core$0IFn$0_invoke$0arity$01:wx
ajax$formats$get_accept_entries$cljs$0core$0IFn$0_invoke$0arity$02:vx
ajax$formats$get_format$cljs$0core$0IFn$0_invoke$0arity$02:ux
ajax$formats$raw_response_format:tx
ajax$interceptors$ApplyRequestFormat:mx
ajax$interceptors$DirectSubmission:px
ajax$interceptors$ProcessUrlParameters:ox
ajax$interceptors$ResponseFormat:kx
ajax$interceptors$content_type_to_request_header:jx
ajax$interceptors$fail:ix
ajax$interceptors$get_response_format:rx
ajax$interceptors$map__GT_ResponseFormat:lx
ajax$interceptors$request_interceptors:qx
ajax$interceptors$uri_with_params$cljs$0core$0IFn$0_invoke$0arity$01:nx
ajax$json$json_request_format:yH
ajax$json$json_response_format:xH
ajax$protocols$_body:Ww
ajax$protocols$_get_response_header:Xw
ajax$protocols$_js_ajax_request:Tw
ajax$protocols$_process_request:Zw
ajax$protocols$_process_response:$w
ajax$protocols$_status:Uw
ajax$protocols$_status_text:Vw
ajax$protocols$_was_aborted:Yw
ajax$simple$default_interceptors:Xx
ajax$simple$js_handler$cljs$0core$0IFn$0_invoke$0arity$02:Wx
ajax$simple$normalize_method:Ux
ajax$simple$normalize_request:Yx
ajax$simple$process_request:Zx
ajax$simple$process_response:Vx
ajax$simple$raw_ajax_request:$x
ajax$url$key_encode:cx
ajax$url$key_value_pair_to_str:ex
ajax$url$param_to_key_value_pairs$cljs$0core$0IFn$0_invoke$0arity$02:hx
ajax$url$to_vec_key_transform:gx
ajax$url$value_encode:dx
ajax$url$vec_key_transform_fn$cljs$0core$0IFn$0_invoke$0arity$01:fx
ajax$util$successful_response_codes_set:bx
ajax$util$throw_error:ax
ajax$xml_http_request$xmlhttprequest:CH
arr$jscomp$inline_1447:ey
badgui$db$default_db:Rw
badgui$events$temp:DH
badgui$views$display_results:IH
badgui$views$hoverbox:JH
badgui$views$main_panel:dv
cached_hierarchy__4750__auto__$jscomp$inline_2806:rB
cached_hierarchy__4750__auto__$jscomp$inline_2840:eC
cached_hierarchy__4750__auto__$jscomp$inline_2912:wG
cached_var_15235:MG
cljs:nb
cljs$analyzer:uB
cljs$analyzer$NUMERIC_SET:PF
cljs$analyzer$SENTINEL:uD
cljs$analyzer$_STAR_allow_ns_STAR_:JE
cljs$analyzer$_STAR_allow_redef_STAR_:IE
cljs$analyzer$_STAR_cljs_warning_handlers_STAR_:BD
cljs$analyzer$_STAR_cljs_warnings_STAR_:rD
cljs$analyzer$_STAR_loop_lets_STAR_:HE
cljs$analyzer$_STAR_passes_STAR_:pD
cljs$analyzer$_STAR_private_var_access_nowarn_STAR_:qD
cljs$analyzer$_STAR_recur_frames_STAR_:GE
cljs$analyzer$accumulating_warning_handler:KD
cljs$analyzer$add_types:jE
cljs$analyzer$alias__GT_type:kE
cljs$analyzer$all_values_QMARK_:XF
cljs$analyzer$analysis_error_QMARK_:RD
cljs$analyzer$analyze:SE
cljs$analyzer$analyze$cljs$0core$0IFn$0_invoke$0arity$02:RE
cljs$analyzer$analyze$cljs$0core$0IFn$0_invoke$0arity$03:eF
cljs$analyzer$analyze$cljs$0core$0IFn$0_invoke$0arity$04:jG
cljs$analyzer$analyze_STAR_:sG
cljs$analyzer$analyze_do_statements:lF
cljs$analyzer$analyze_do_statements_STAR_:kF
cljs$analyzer$analyze_dot:LF
cljs$analyzer$analyze_fn_method:gF
cljs$analyzer$analyze_fn_method_param:fF
cljs$analyzer$analyze_fn_methods_pass2_STAR_:iF
cljs$analyzer$analyze_form:pG
cljs$analyzer$analyze_js_star_STAR_:UF
cljs$analyzer$analyze_js_star_args:TF
cljs$analyzer$analyze_js_value:nG
cljs$analyzer$analyze_let:rF
cljs$analyzer$analyze_let_binding_init:mF
cljs$analyzer$analyze_let_bindings:pF
cljs$analyzer$analyze_let_bindings_STAR_:oF
cljs$analyzer$analyze_let_body:qF
cljs$analyzer$analyze_list:iG
cljs$analyzer$analyze_map:kG
cljs$analyzer$analyze_seq:uF
cljs$analyzer$analyze_seq$cljs$0core$0IFn$0_invoke$0arity$03:tF
cljs$analyzer$analyze_seq$cljs$0core$0IFn$0_invoke$0arity$04:hG
cljs$analyzer$analyze_set:mG
cljs$analyzer$analyze_symbol:sF
cljs$analyzer$analyze_vector:lG
cljs$analyzer$analyze_wrap_meta:jF
cljs$analyzer$analyzed:VF
cljs$analyzer$analyzed_QMARK_:WF
cljs$analyzer$array_type_QMARK_:SF
cljs$analyzer$array_types:RF
cljs$analyzer$ast_children:aF
cljs$analyzer$basic_validate_ns_spec:wF
cljs$analyzer$build_dot_form:JF
cljs$analyzer$build_method_call:KF
cljs$analyzer$canonicalize_import_specs:CF
cljs$analyzer$canonicalize_specs:BF
cljs$analyzer$canonicalize_type:iE
cljs$analyzer$check_macro_arity:fG
cljs$analyzer$checked_arrays:sD
cljs$analyzer$classify_dot_form:IF
cljs$analyzer$compile_syntax_error:OD
cljs$analyzer$confirm_ns:eE
cljs$analyzer$confirm_var_exist_warning:TD
cljs$analyzer$confirm_var_exists:aE
cljs$analyzer$confirm_var_exists_throw:bE
cljs$analyzer$constant_value_QMARK_:bF
cljs$analyzer$core_name_QMARK_:fE
cljs$analyzer$core_ns_QMARK_:dF
cljs$analyzer$default_namespaces:ED
cljs$analyzer$default_passes:rG
cljs$analyzer$dep_has_global_exports_QMARK_:ZD
cljs$analyzer$desugar_dotted_expr:aG
cljs$analyzer$desugar_ns_specs:DF
cljs$analyzer$do_macroexpand_check:eG
cljs$analyzer$dotted_symbol_QMARK_:qE
cljs$analyzer$earmuffed_QMARK_:cF
cljs$analyzer$error$cljs$0core$0IFn$0_invoke$0arity$02:PD
cljs$analyzer$error$cljs$0core$0IFn$0_invoke$0arity$03:QD
cljs$analyzer$error_data$cljs$0core$0IFn$0_invoke$0arity$02:MD
cljs$analyzer$error_data$cljs$0core$0IFn$0_invoke$0arity$03:ND
cljs$analyzer$error_message:zD
cljs$analyzer$extern_pre:xE
cljs$analyzer$find_def_clash:EF
cljs$analyzer$find_matching_method:KE
cljs$analyzer$fn_name_var:hF
cljs$analyzer$gen_constant_id:CD
cljs$analyzer$get_col:GD
cljs$analyzer$get_expander:UD
cljs$analyzer$get_expander_STAR_:cG
cljs$analyzer$get_expander_ns:bG
cljs$analyzer$get_js_tag:MF
cljs$analyzer$get_let_tag:nF
cljs$analyzer$get_line:FD
cljs$analyzer$gets$cljs$0core$0IFn$0_invoke$0arity$03:vD
cljs$analyzer$gets$cljs$0core$0IFn$0_invoke$0arity$04:wD
cljs$analyzer$gets$cljs$0core$0IFn$0_invoke$0arity$05:xD
cljs$analyzer$goog_module_dep_QMARK_:$D
cljs$analyzer$handle_symbol_local:BE
cljs$analyzer$has_extern_QMARK_$cljs$0core$0IFn$0_invoke$0arity$02:mE
cljs$analyzer$has_extern_QMARK__STAR_$cljs$0core$0IFn$0_invoke$0arity$03:lE
cljs$analyzer$impl$ANY_SYM:wB
cljs$analyzer$impl$BOOLEAN_OR_SEQ:xB
cljs$analyzer$impl$BOOLEAN_SYM:yB
cljs$analyzer$impl$CLJS_CORE_MACROS_SYM:zB
cljs$analyzer$impl$JS_STAR_SYM:AB
cljs$analyzer$impl$NEW_SYM:BB
cljs$analyzer$impl$NOT_NATIVE:CB
cljs$analyzer$impl$NUMBER_SYM:DB
cljs$analyzer$impl$STRING_SYM:EB
cljs$analyzer$impl$cljs_set_QMARK_:FB
cljs$analyzer$implicit_nses:SD
cljs$analyzer$infer_if:NE
cljs$analyzer$infer_tag:OE
cljs$analyzer$infer_type:qG
cljs$analyzer$invalid_arity_QMARK_:ZF
cljs$analyzer$invoke_arg_type_validators:oG
cljs$analyzer$invokeable_ns_QMARK_:zE
cljs$analyzer$js_module_exists_QMARK_:XD
cljs$analyzer$js_module_exists_QMARK__STAR_:WD
cljs$analyzer$js_reserved:tD
cljs$analyzer$js_star_interp:NF
cljs$analyzer$js_star_seg:OF
cljs$analyzer$js_tag$cljs$0core$0IFn$0_invoke$0arity$02:nE
cljs$analyzer$js_tag$cljs$0core$0IFn$0_invoke$0arity$03:oE
cljs$analyzer$js_tag$cljs$0core$0IFn$0_invoke$0arity$04:pE
cljs$analyzer$js_tag_QMARK_:hE
cljs$analyzer$lib_AMPERSAND_sublib:VD
cljs$analyzer$macro_ns_name:FF
cljs$analyzer$macroexpand_1_STAR_:gG
cljs$analyzer$merge_ns_info:GF
cljs$analyzer$message:AD
cljs$analyzer$munge_global_export:tE
cljs$analyzer$munge_goog_module_lib$cljs$0core$0IFn$0_invoke$0arity$01:sE
cljs$analyzer$munge_node_lib:rE
cljs$analyzer$node_module_dep_QMARK_:YD
cljs$analyzer$ns__GT_module_type:vE
cljs$analyzer$ns__GT_relpath$cljs$0core$0IFn$0_invoke$0arity$02:yD
cljs$analyzer$numeric_type_QMARK_:QF
cljs$analyzer$parse:PE
cljs$analyzer$parse_import_spec:AF
cljs$analyzer$parse_invoke_STAR_:$F
cljs$analyzer$parse_ns_error_msg:vF
cljs$analyzer$parse_ns_excludes:xF
cljs$analyzer$parse_require_spec:zF
cljs$analyzer$parse_type:HF
cljs$analyzer$passes$and_or$__GT_expr_env:JB
cljs$analyzer$passes$and_or$remove_local_pass:NB
cljs$analyzer$passes$and_or$remove_loop_let:MB
cljs$analyzer$passes$and_or$simple_ops:IB
cljs$analyzer$passes$and_or$simple_test_binding_let_QMARK_:LB
cljs$analyzer$passes$and_or$simple_test_expr_QMARK_:KB
cljs$analyzer$passes$apply_passes$cljs$0core$0IFn$0_invoke$0arity$03:GB
cljs$analyzer$passes$walk$cljs$0core$0IFn$0_invoke$0arity$03:HB
cljs$analyzer$predicate__GT_tag:UE
cljs$analyzer$private_var_access_exceptions:yE
cljs$analyzer$public_name_QMARK_:gE
cljs$analyzer$record_with_field_QMARK_:YF
cljs$analyzer$register_constant_BANG_$cljs$0core$0IFn$0_invoke$0arity$02:DD
cljs$analyzer$replace_env_pass:$E
cljs$analyzer$replay_accumulated_warnings:LD
cljs$analyzer$resolve_STAR_:wE
cljs$analyzer$resolve_alias:uE
cljs$analyzer$resolve_existing_var:EE
cljs$analyzer$resolve_invokeable_ns:AE
cljs$analyzer$resolve_ns_alias$cljs$0core$0IFn$0_invoke$0arity$02:cE
cljs$analyzer$resolve_ns_alias$cljs$0core$0IFn$0_invoke$0arity$03:dE
cljs$analyzer$resolve_var$cljs$0core$0IFn$0_invoke$0arity$02:CE
cljs$analyzer$resolve_var$cljs$0core$0IFn$0_invoke$0arity$04:DE
cljs$analyzer$set_test_induced_tags:YE
cljs$analyzer$simple_predicate_induced_tag:VE
cljs$analyzer$source_info$cljs$0core$0IFn$0_invoke$0arity$01:HD
cljs$analyzer$source_info$cljs$0core$0IFn$0_invoke$0arity$02:ID
cljs$analyzer$specials:FE
cljs$analyzer$t_cljs$0analyzer12432:gC
cljs$analyzer$truth_induced_tag:XE
cljs$analyzer$type_QMARK_:LE
cljs$analyzer$type_check_induced_tag:WE
cljs$analyzer$unwrap_quote:ME
cljs$analyzer$use__GT_require:yF
cljs$analyzer$valid_proto:ZE
cljs$analyzer$var_ast:TE
cljs$analyzer$var_meta$cljs$0core$0IFn$0_invoke$0arity$02:QE
cljs$analyzer$warning:JD
cljs$core:ob
cljs$core$ArrayChunk:Nf
cljs$core$ArrayNode:vi
cljs$core$ArrayNodeIterator:zi
cljs$core$ArrayNodeSeq:Gi
cljs$core$Atom:Gg
cljs$core$BitmapIndexedNode:ri
cljs$core$BitmapIndexedNode$EMPTY:ui
cljs$core$Box:ki
cljs$core$CHAR_MAP:Pb
cljs$core$ChunkBuffer:Mf
cljs$core$ChunkedCons:Pf
cljs$core$ChunkedSeq:Kh
cljs$core$Cons:Bf
cljs$core$DEMUNGE_MAP:Qb
cljs$core$DEMUNGE_PATTERN:Rb
cljs$core$Delay:Hj
cljs$core$ES6EntriesIterator:$h
cljs$core$ES6Iterator:Rd
cljs$core$ES6IteratorSeq:Td
cljs$core$ES6SetEntriesIterator:ai
cljs$core$EmptyList:yf
cljs$core$ExceptionInfo:kk
cljs$core$Fn:Wb
cljs$core$HashCollisionNode:Di
cljs$core$HashMapIter:Ii
cljs$core$HashSetIter:Si
cljs$core$IAssociative:oc
cljs$core$ICollection:bc
cljs$core$IComparable:jd
cljs$core$ICounted:Yb
cljs$core$IDeref:Ec
cljs$core$IEmptyableCollection:$b
cljs$core$IEncodeClojure:Qj
cljs$core$IEncodeJS:Mj
cljs$core$IFind:rc
cljs$core$IFn:Xb
cljs$core$IIndexed:dc
cljs$core$IIndexed$_nth$dyn_7462:fc
cljs$core$IIterable:td
cljs$core$IKVReduce:Lc
cljs$core$IList:Sc
cljs$core$ILookup:lc
cljs$core$ILookup$_lookup$dyn_7468:nc
cljs$core$IMap:tc
cljs$core$IMeta:Fc
cljs$core$INIT:tg
cljs$core$INext:jc
cljs$core$IPending:ad
cljs$core$IPrintWithWriter:Zc
cljs$core$IRecord:Tc
cljs$core$IReduce:Ic
cljs$core$IReduce$_reduce$dyn_7500:Kc
cljs$core$IReversible:Uc
cljs$core$ISeq:gc
cljs$core$ISeqable:Pc
cljs$core$ISequential:Rc
cljs$core$ISet:xc
cljs$core$ISorted:Wc
cljs$core$ISwap$_swap_BANG_$dyn_7558:sd
cljs$core$ITER_SYMBOL:Ob
cljs$core$IVector:Bc
cljs$core$IndexedSeq:Nd
cljs$core$IndexedSeqIterator:ne
cljs$core$IntegerRange:ej
cljs$core$IntegerRangeChunk:cj
cljs$core$KeySeq:Oi
cljs$core$Keyword:p
cljs$core$LazySeq:Kf
cljs$core$List:ye
cljs$core$List$EMPTY:Qd
cljs$core$MapEntry:af
cljs$core$MetaFn:Ee
cljs$core$MultiFn:gk
cljs$core$NS_CACHE:yk
cljs$core$Namespace:vk
cljs$core$NeverEquiv:Wh
cljs$core$NodeIterator:qi
cljs$core$NodeSeq:Ei
cljs$core$PROTOCOL_SENTINEL:qb
cljs$core$PersistentArrayMap:l
cljs$core$PersistentArrayMap$EMPTY:U
cljs$core$PersistentArrayMap$HASHMAP_THRESHOLD:hi
cljs$core$PersistentArrayMap$createAsIfByAssoc:Be
cljs$core$PersistentArrayMapIterator:di
cljs$core$PersistentArrayMapSeq:ci
cljs$core$PersistentHashMap:Ji
cljs$core$PersistentHashMap$EMPTY:ii
cljs$core$PersistentHashMap$fromArrays:Li
cljs$core$PersistentHashSet:Ti
cljs$core$PersistentHashSet$EMPTY:Vi
cljs$core$PersistentHashSet$createAsIfByAssoc:Wi
cljs$core$PersistentQueue:Uh
cljs$core$PersistentQueue$EMPTY:Vh
cljs$core$PersistentQueueIter:Sh
cljs$core$PersistentQueueSeq:Th
cljs$core$PersistentVector:V
cljs$core$PersistentVector$EMPTY:xe
cljs$core$PersistentVector$EMPTY_NODE:Z
cljs$core$PersistentVector$fromArray:Eh
cljs$core$RSeq:oe
cljs$core$Range:fj
cljs$core$RangeIterator:dj
cljs$core$RangedIterator:vh
cljs$core$RecordIter:Zh
cljs$core$Reduced:Zd
cljs$core$Repeat:Rg
cljs$core$START:ug
cljs$core$SeqIter:vg
cljs$core$StringBufferWriter:vd
cljs$core$Subvec:Mh
cljs$core$Symbol:y
cljs$core$TransientArrayMap:gi
cljs$core$TransientHashMap:Ki
cljs$core$TransientHashSet:Ui
cljs$core$TransientVector:zh
cljs$core$UUID:ik
cljs$core$ValSeq:Pi
cljs$core$Var:Kd
cljs$core$VectorNode:kh
cljs$core$Volatile:Kg
cljs$core$_EQ_:A
cljs$core$_EQ__EQ_:uf
cljs$core$_EQ__EQ_$cljs$0core$0IFn$0_invoke$0arity$02:vf
cljs$core$_PLUS_:of
cljs$core$_STAR_out_STAR_:rb
cljs$core$_STAR_print_err_fn_STAR_:tb
cljs$core$_STAR_print_fn_STAR_:sb
cljs$core$_STAR_print_length_STAR_:wb
cljs$core$_STAR_print_level_STAR_:xb
cljs$core$_STAR_print_newline_STAR_:ub
cljs$core$_STAR_print_readably_STAR_:vb
cljs$core$__destructure_map:kg
cljs$core$_add_method:ek
cljs$core$_add_watch:cd
cljs$core$_as_transient:fd
cljs$core$_assoc:qc
cljs$core$_assoc_BANG_:id
cljs$core$_assoc_n:Dc
cljs$core$_chunked_first:md
cljs$core$_chunked_rest:nd
cljs$core$_clj__GT_js:Nj
cljs$core$_compare:kd
cljs$core$_conj:cc
cljs$core$_conj_BANG_:gd
cljs$core$_contains_key_QMARK_:pc
cljs$core$_count:Zb
cljs$core$_deref:x
cljs$core$_disjoin:yc
cljs$core$_dissoc:uc
cljs$core$_drop_first:ld
cljs$core$_empty:ac
cljs$core$_equiv:Nc
cljs$core$_find:sc
cljs$core$_first:hc
cljs$core$_flush:Yc
cljs$core$_global_hierarchy:Vj
cljs$core$_hash:Oc
cljs$core$_indexOf$cljs$0core$0IFn$0_invoke$0arity$03:je
cljs$core$_iterator:ud
cljs$core$_js__GT_clj:Rj
cljs$core$_key:vc
cljs$core$_kv_reduce:Mc
cljs$core$_lastIndexOf$cljs$0core$0IFn$0_invoke$0arity$03:me
cljs$core$_lookup:mc
cljs$core$_meta:Gc
cljs$core$_name:od
cljs$core$_namespace:pd
cljs$core$_next:kc
cljs$core$_nth:ec
cljs$core$_peek:zc
cljs$core$_persistent_BANG_:hd
cljs$core$_pop:Ac
cljs$core$_pr_writer:$c
cljs$core$_realized_QMARK_:bd
cljs$core$_reduce:Jc
cljs$core$_remove_watch:ed
cljs$core$_reset_BANG_:qd
cljs$core$_rest:ic
cljs$core$_rseq:Vc
cljs$core$_seq:Qc
cljs$core$_swap_BANG_:rd
cljs$core$_val:wc
cljs$core$_with_meta:Hc
cljs$core$_write:Xc
cljs$core$aclone:Sb
cljs$core$any_QMARK_:Ib
cljs$core$apply:Ld
cljs$core$apply$cljs$0core$0IFn$0_invoke$0arity$02:fg
cljs$core$apply$cljs$0core$0IFn$0_invoke$0arity$03:gg
cljs$core$apply$cljs$0core$0IFn$0_invoke$0arity$04:hg
cljs$core$apply$cljs$0core$0IFn$0_invoke$0arity$05:ig
cljs$core$apply$cljs$0core$0IFn$0_invoke$0arity$0variadic:jg
cljs$core$apply_to:$f
cljs$core$apply_to_simple$cljs$0core$0IFn$0_invoke$0arity$03:bg
cljs$core$apply_to_simple$cljs$0core$0IFn$0_invoke$0arity$04:cg
cljs$core$apply_to_simple$cljs$0core$0IFn$0_invoke$0arity$05:dg
cljs$core$apply_to_simple$cljs$0core$0IFn$0_invoke$0arity$06:eg
cljs$core$array_QMARK_:Fb
cljs$core$array__GT_transient_hash_map:ji
cljs$core$array_copy:Se
cljs$core$array_for:sh
cljs$core$array_index_of:bi
cljs$core$array_map:Ni
cljs$core$array_reduce$cljs$0core$0IFn$0_invoke$0arity$02:ee
cljs$core$array_reduce$cljs$0core$0IFn$0_invoke$0arity$03:fe
cljs$core$array_reduce$cljs$0core$0IFn$0_invoke$0arity$04:ge
cljs$core$assoc:S
cljs$core$assoc_BANG_$cljs$0core$0IFn$0_invoke$0arity$03:Zf
cljs$core$assoc_in:hh
cljs$core$atom$cljs$0core$0IFn$0_invoke$0arity$01:Hg
cljs$core$bit_count:tf
cljs$core$boolean$0:We
cljs$core$bounded_count:Sf
cljs$core$build_subvec:Nh
cljs$core$butlast:Zi
cljs$core$cat:Kj
cljs$core$char$0:qf
cljs$core$char_escapes:rj
cljs$core$chunk_append:Rf
cljs$core$chunk_buffer:Of
cljs$core$chunk_cons:Qf
cljs$core$chunked_seq:Dh
cljs$core$chunked_seq$cljs$0core$0IFn$0_invoke$0arity$04:Ch
cljs$core$chunked_seq$cljs$0core$0IFn$0_invoke$0arity$05:Lh
cljs$core$chunked_seq_QMARK_:Re
cljs$core$ci_reduce$cljs$0core$0IFn$0_invoke$0arity$02:ce
cljs$core$ci_reduce$cljs$0core$0IFn$0_invoke$0arity$03:de
cljs$core$clj__GT_js:Pj
cljs$core$clone_and_set$cljs$0core$0IFn$0_invoke$0arity$03:mi
cljs$core$coll_QMARK_:Ke
cljs$core$comp:Bg
cljs$core$compare:bf
cljs$core$compare_indexed$cljs$0core$0IFn$0_invoke$0arity$02:cf
cljs$core$compare_keywords:Cf
cljs$core$compare_symbols:Id
cljs$core$complement:Ag
cljs$core$concat:Uf
cljs$core$conj:we
cljs$core$conj_BANG_:Yf
cljs$core$cons:qe
cljs$core$contains_QMARK_:Ze
cljs$core$count:G
cljs$core$counted_QMARK_:he
cljs$core$create_array_node_seq:Bi
cljs$core$create_array_node_seq$cljs$0core$0IFn$0_invoke$0arity$01:Ai
cljs$core$create_array_node_seq$cljs$0core$0IFn$0_invoke$0arity$03:Hi
cljs$core$create_inode_seq:ti
cljs$core$create_inode_seq$cljs$0core$0IFn$0_invoke$0arity$01:si
cljs$core$create_inode_seq$cljs$0core$0IFn$0_invoke$0arity$03:Fi
cljs$core$create_node:xi
cljs$core$create_node$cljs$0core$0IFn$0_invoke$0arity$06:yi
cljs$core$create_node$cljs$0core$0IFn$0_invoke$0arity$07:wi
cljs$core$demunge:tk
cljs$core$demunge_pattern:rk
cljs$core$deref:be
cljs$core$disj:Ie
cljs$core$dissoc:Ce
cljs$core$distinct$cljs$0core$0IFn$0_invoke$0arity$01:Yi
cljs$core$do_assoc:th
cljs$core$doall$cljs$0core$0IFn$0_invoke$0arity$01:lj
cljs$core$dominates:ck
cljs$core$drop$cljs$0core$0IFn$0_invoke$0arity$02:Og
cljs$core$drop_last$cljs$0core$0IFn$0_invoke$0arity$02:Pg
cljs$core$drop_while$cljs$0core$0IFn$0_invoke$0arity$02:Qg
cljs$core$edit_and_set$cljs$0core$0IFn$0_invoke$0arity$04:oi
cljs$core$empty:ze
cljs$core$empty_QMARK_:Je
cljs$core$empty_ordered_hash:Vd
cljs$core$empty_unordered_hash:Xd
cljs$core$enable_console_print_BANG_:Db
cljs$core$equiv_map:Yh
cljs$core$equiv_sequential:pe
cljs$core$es6_iterator:Sd
cljs$core$es6_iterator_seq:Od
cljs$core$even_QMARK_:zg
cljs$core$every_QMARK_:xg
cljs$core$every_pred$cljs$0core$0IFn$0_invoke$0arity$02:Lg
cljs$core$ex_data:nk
cljs$core$ex_info$cljs$0core$0IFn$0_invoke$0arity$02:lk
cljs$core$ex_info$cljs$0core$0IFn$0_invoke$0arity$03:mk
cljs$core$filter$cljs$0core$0IFn$0_invoke$0arity$01:Xg
cljs$core$filter$cljs$0core$0IFn$0_invoke$0arity$02:Zg
cljs$core$find:$e
cljs$core$find_and_cache_best_method:dk
cljs$core$find_macros_ns:Dk
cljs$core$find_ns_obj:Ak
cljs$core$find_ns_obj_STAR_:zk
cljs$core$first:C
cljs$core$flatten:bh
cljs$core$fn_QMARK_:De
cljs$core$fn__GT_comparator:df
cljs$core$fnil$cljs$0core$0IFn$0_invoke$0arity$02:Dg
cljs$core$frequencies:ij
cljs$core$gensym:Gj
cljs$core$gensym_counter:Fj
cljs$core$get:z
cljs$core$get_global_hierarchy:Wj
cljs$core$get_in$cljs$0core$0IFn$0_invoke$0arity$02:gh
cljs$core$hash:Ed
cljs$core$hash_collision_node_find_index:Ci
cljs$core$hash_map:lg
cljs$core$hash_ordered_coll:Ud
cljs$core$hash_string:Dd
cljs$core$hash_symbol:Hd
cljs$core$hash_unordered_coll:Wd
cljs$core$ident_QMARK_:Hf
cljs$core$identity:mf
cljs$core$ifn_QMARK_:Xe
cljs$core$imul:xd
cljs$core$inc:Yd
cljs$core$indexed_QMARK_:ie
cljs$core$inode_kv_reduce:pi
cljs$core$instance_QMARK_:Fd
cljs$core$integer_QMARK_:Ye
cljs$core$interleave:Vg
cljs$core$into:ch
cljs$core$into_array$cljs$0core$0IFn$0_invoke$0arity$02:Tb
cljs$core$isa_QMARK_$cljs$0core$0IFn$0_invoke$0arity$03:Yj
cljs$core$iter_reduce$cljs$0core$0IFn$0_invoke$0arity$02:hf
cljs$core$iter_reduce$cljs$0core$0IFn$0_invoke$0arity$03:jf
cljs$core$iterable_QMARK_:Md
cljs$core$js__GT_clj$cljs$0core$0IFn$0_invoke$0arity$0variadic:Sj
cljs$core$js_reserved:pk
cljs$core$js_reserved_QMARK_:qk
cljs$core$js_reserved_arr:ok
cljs$core$juxt$cljs$0core$0IFn$0_invoke$0arity$02:kj
cljs$core$keep$cljs$0core$0IFn$0_invoke$0arity$02:Fg
cljs$core$key:Hh
cljs$core$key__GT_js$cljs$0core$0IFn$0_invoke$0arity$02:Oj
cljs$core$key_test:li
cljs$core$keys:ei
cljs$core$keyword:If
cljs$core$keyword_QMARK_:Df
cljs$core$keyword_identical_QMARK_:Ef
cljs$core$last:ve
cljs$core$lift_ns:Cj
cljs$core$linear_traversal_nth$cljs$0core$0IFn$0_invoke$0arity$03:Ae
cljs$core$list:Af
cljs$core$list_QMARK_:xf
cljs$core$list_STAR_$cljs$0core$0IFn$0_invoke$0arity$02:Vf
cljs$core$list_STAR_$cljs$0core$0IFn$0_invoke$0arity$03:Wf
cljs$core$list_STAR_$cljs$0core$0IFn$0_invoke$0arity$04:Xf
cljs$core$lookup_sentinel:Ue
cljs$core$m3_fmix:Ad
cljs$core$m3_mix_H1:zd
cljs$core$m3_mix_K1:yd
cljs$core$map:Mg
cljs$core$map_QMARK_:Oe
cljs$core$map_entry_QMARK_:Gh
cljs$core$map_indexed$cljs$0core$0IFn$0_invoke$0arity$02:Eg
cljs$core$mapcat$cljs$0core$0IFn$0_invoke$0arity$0variadic:Wg
cljs$core$mapv$cljs$0core$0IFn$0_invoke$0arity$02:dh
cljs$core$mapv$cljs$0core$0IFn$0_invoke$0arity$03:eh
cljs$core$max:pf
cljs$core$max_key:aj
cljs$core$memoize:Uj
cljs$core$merge:ng
cljs$core$merge_with:Qi
cljs$core$meta:Ge
cljs$core$missing_protocol:Mb
cljs$core$munge:sk
cljs$core$name:Jf
cljs$core$namespace:Gf
cljs$core$native_satisfies_QMARK_:Jb
cljs$core$never_equiv:Xh
cljs$core$new_path:oh
cljs$core$next:F
cljs$core$next_STAR_:ag
cljs$core$nil_QMARK_:Eb
cljs$core$nil_iter:sg
cljs$core$not:Gb
cljs$core$not_EQ_$cljs$0core$0IFn$0_invoke$0arity$02:qg
cljs$core$not_empty:rg
cljs$core$ns_interns_STAR_:Bk
cljs$core$ns_lookup:uk
cljs$core$nth:le
cljs$core$nth$cljs$0core$0IFn$0_invoke$0arity$02:ke
cljs$core$nth$cljs$0core$0IFn$0_invoke$0arity$03:J
cljs$core$parents$cljs$0core$0IFn$0_invoke$0arity$01:Zj
cljs$core$partial:Cg
cljs$core$partition$cljs$0core$0IFn$0_invoke$0arity$03:fh
cljs$core$peek:He
cljs$core$pop_tail:uh
cljs$core$pr_opts:yb
cljs$core$pr_sequential_writer:oj
cljs$core$pr_str:zj
cljs$core$pr_str_STAR_:wd
cljs$core$pr_str_with_opts:yj
cljs$core$pr_writer:vj
cljs$core$pr_writer_impl:uj
cljs$core$prefers_STAR_:bk
cljs$core$preserving_reduced:Jj
cljs$core$prim_seq$cljs$0core$0IFn$0_invoke$0arity$02:I
cljs$core$print_map:wj
cljs$core$print_meta_QMARK_:tj
cljs$core$print_prefix_map:Dj
cljs$core$print_str:Aj
cljs$core$push_tail:ph
cljs$core$pv_clone_node:mh
cljs$core$pv_fresh_node:lh
cljs$core$pv_reduce$cljs$0core$0IFn$0_invoke$0arity$04:xh
cljs$core$pv_reduce$cljs$0core$0IFn$0_invoke$0arity$05:yh
cljs$core$quot:rf
cljs$core$quote_string:sj
cljs$core$random_uuid:jk
cljs$core$range$cljs$0core$0IFn$0_invoke$0arity$03:gj
cljs$core$ranged_iterator:wh
cljs$core$re_find:nj
cljs$core$re_matches:mj
cljs$core$record_QMARK_:Pe
cljs$core$reduce:Vb
cljs$core$reduce$cljs$0core$0IFn$0_invoke$0arity$02:kf
cljs$core$reduce$cljs$0core$0IFn$0_invoke$0arity$03:Ub
cljs$core$reduce_kv:lf
cljs$core$reduced:$d
cljs$core$reduced_QMARK_:ae
cljs$core$reductions$cljs$0core$0IFn$0_invoke$0arity$03:jj
cljs$core$rem:sf
cljs$core$remove$cljs$0core$0IFn$0_invoke$0arity$02:$g
cljs$core$remove_pair:ni
cljs$core$repeat$cljs$0core$0IFn$0_invoke$0arity$01:Sg
cljs$core$repeat$cljs$0core$0IFn$0_invoke$0arity$02:Tg
cljs$core$repeatedly$cljs$0core$0IFn$0_invoke$0arity$01:Ug
cljs$core$reset_BANG_:Ig
cljs$core$reset_cache:ak
cljs$core$rest:Pd
cljs$core$reverse:zf
cljs$core$run_BANG_:Lj
cljs$core$second:ue
cljs$core$select_keys:Ri
cljs$core$seq:B
cljs$core$seq_QMARK_:Ve
cljs$core$seq_reduce:se
cljs$core$seq_reduce$cljs$0core$0IFn$0_invoke$0arity$02:re
cljs$core$seq_reduce$cljs$0core$0IFn$0_invoke$0arity$03:te
cljs$core$sequence$cljs$0core$0IFn$0_invoke$0arity$01:wg
cljs$core$sequential_QMARK_:Me
cljs$core$set:Xi
cljs$core$set_QMARK_:Le
cljs$core$some:yg
cljs$core$sort$cljs$0core$0IFn$0_invoke$0arity$02:ef
cljs$core$sorted_QMARK_:Ne
cljs$core$spread:Tf
cljs$core$str:t
cljs$core$string_QMARK_:Hb
cljs$core$string_hash_cache:Bd
cljs$core$string_hash_cache_count:Cd
cljs$core$string_print:qj
cljs$core$strip_ns:Bj
cljs$core$subs$cljs$0core$0IFn$0_invoke$0arity$03:wf
cljs$core$subvec:Oh
cljs$core$swap_BANG_:Jg
cljs$core$symbol:Jd
cljs$core$symbol_QMARK_:Gd
cljs$core$symbol_identical_QMARK_:Ff
cljs$core$t_cljs$0core6265:pb
cljs$core$tail_off:nh
cljs$core$take:Ng
cljs$core$take_nth$cljs$0core$0IFn$0_invoke$0arity$02:hj
cljs$core$take_while$cljs$0core$0IFn$0_invoke$0arity$02:bj
cljs$core$throw_no_method_error:fk
cljs$core$to_array:ff
cljs$core$transduce$cljs$0core$0IFn$0_invoke$0arity$04:nf
cljs$core$tree_seq:ah
cljs$core$truth_:r
cljs$core$tv_editable_root:Ah
cljs$core$tv_editable_tail:Bh
cljs$core$tv_ensure_editable:Ph
cljs$core$tv_push_tail:Qh
cljs$core$type:Lb
cljs$core$type__GT_str:Nb
cljs$core$unchecked_array_for:rh
cljs$core$update:jh
cljs$core$update_in:ih
cljs$core$val:Ih
cljs$core$vals:fi
cljs$core$vary_meta$cljs$0core$0IFn$0_invoke$0arity$03:mg
cljs$core$vary_meta$cljs$0core$0IFn$0_invoke$0arity$04:og
cljs$core$vary_meta$cljs$0core$0IFn$0_invoke$0arity$05:pg
cljs$core$vec:Fh
cljs$core$vector:Jh
cljs$core$vector_QMARK_:Qe
cljs$core$vector_index_out_of_bounds:qh
cljs$core$with_meta:Fe
cljs$core$write_all$cljs$0core$0IFn$0_invoke$0arity$0variadic:pj
cljs$core$zipmap:$i
cljs$cst$keyword$_LT__DASH_:Xl
cljs$cst$keyword$aborted:lr
cljs$cst$keyword$add_DASH_event:tn
cljs$cst$keyword$after:Vm
cljs$cst$keyword$align:Wk
cljs$cst$keyword$alt_DASH_impl:xj
cljs$cst$keyword$amp:pq
cljs$cst$keyword$anonymous:ho
cljs$cst$keyword$arg1:mr
cljs$cst$keyword$arg2:or
cljs$cst$keyword$arglists:Vk
cljs$cst$keyword$arglists_DASH_meta:Un
cljs$cst$keyword$args:Rq
cljs$cst$keyword$arity_DASH_1:Xq
cljs$cst$keyword$as:dq
cljs$cst$keyword$at:Yp
cljs$cst$keyword$auto_DASH_run:Yk
cljs$cst$keyword$badgui_DOT_events_SLASH_add_DASH_ongoing:zr
cljs$cst$keyword$badgui_DOT_events_SLASH_del_DASH_ongoing:dl
cljs$cst$keyword$badgui_DOT_events_SLASH_msg_DASH_handler:Fp
cljs$cst$keyword$badgui_DOT_subs_SLASH_box:ps
cljs$cst$keyword$badgui_DOT_subs_SLASH_cursor:ns
cljs$cst$keyword$badgui_DOT_subs_SLASH_results:Zn
cljs$cst$keyword$base:Pn
cljs$cst$keyword$binding:an
cljs$cst$keyword$binding_DASH_form_QMARK_:xo
cljs$cst$keyword$bindings:Gl
cljs$cst$keyword$block:As
cljs$cst$keyword$box:kq
cljs$cst$keyword$bs:Vp
cljs$cst$keyword$buffer:Zq
cljs$cst$keyword$buffer_DASH_level:Sr
cljs$cst$keyword$case:Ho
cljs$cst$keyword$case_DASH_node:gn
cljs$cst$keyword$case_DASH_then:Go
cljs$cst$keyword$catch:to
cljs$cst$keyword$character:bn
cljs$cst$keyword$childContextTypes:Cl
cljs$cst$keyword$circle:Kl
cljs$cst$keyword$clauses:Lp
cljs$cst$keyword$cljs:go
cljs$cst$keyword$cljs_DOT_analyzer_SLASH_call:mp
cljs$cst$keyword$cljs_DOT_analyzer_SLASH_constants:lq
cljs$cst$keyword$cljs_DOT_analyzer_SLASH_expr:eq
cljs$cst$keyword$cljs_DOT_analyzer_SLASH_externs:es
cljs$cst$keyword$cljs_DOT_analyzer_SLASH_numeric:$o
cljs$cst$keyword$cljs_DOT_analyzer_SLASH_property:am
cljs$cst$keyword$cljs_DOT_analyzer_SLASH_symbol:is
cljs$cst$keyword$cljs_DOT_analyzer_SLASH_type:vn
cljs$cst$keyword$cljs_DOT_spec_DOT_alpha_SLASH_accept:Al
cljs$cst$keyword$cljs_DOT_spec_DOT_alpha_SLASH_alt:Il
cljs$cst$keyword$cljs_DOT_spec_DOT_alpha_SLASH_amp:wl
cljs$cst$keyword$cljs_DOT_spec_DOT_alpha_SLASH_kvs_DASH__GT_map:il
cljs$cst$keyword$cljs_DOT_spec_DOT_alpha_SLASH_name:zn
cljs$cst$keyword$cljs_DOT_spec_DOT_alpha_SLASH_nil:Yl
cljs$cst$keyword$cljs_DOT_spec_DOT_alpha_SLASH_pcat:bs
cljs$cst$keyword$cljs_DOT_spec_DOT_alpha_SLASH_rep:Pq
cljs$cst$keyword$cljs_DOT_spec_DOT_alpha_SLASH_unknown:fs
cljs$cst$keyword$cljs_DOT_spec_DOT_alpha_SLASH_v:rr
cljs$cst$keyword$clojure_DOT_error_SLASH_column:Bo
cljs$cst$keyword$clojure_DOT_error_SLASH_phase:Aq
cljs$cst$keyword$clojure_DOT_error_SLASH_symbol:Ks
cljs$cst$keyword$code:cp
cljs$cst$keyword$coeffects:nq
cljs$cst$keyword$cofx:Eq
cljs$cst$keyword$colnum:Cq
cljs$cst$keyword$colon_DASH_up_DASH_arrow:Do
cljs$cst$keyword$column:tr
cljs$cst$keyword$commachar:Ik
cljs$cst$keyword$componentWillUnmount:Dn
cljs$cst$keyword$const:bm
cljs$cst$keyword$contextType:Jn
cljs$cst$keyword$count:Kp
cljs$cst$keyword$ctor:sq
cljs$cst$keyword$cur:hr
cljs$cst$keyword$cursor:gq
cljs$cst$keyword$d:rn
cljs$cst$keyword$day8_DOT_re_DASH_frame_DOT_debux_DOT_common_DOT_macro_DASH_specs_SLASH_arg_DASH_list:ym
cljs$cst$keyword$day8_DOT_re_DASH_frame_DOT_debux_DOT_common_DOT_macro_DASH_specs_SLASH_args_PLUS_body:El
cljs$cst$keyword$day8_DOT_re_DASH_frame_DOT_debux_DOT_common_DOT_macro_DASH_specs_SLASH_def_DASH_args:ql
cljs$cst$keyword$day8_DOT_re_DASH_frame_DOT_debux_DOT_common_DOT_macro_DASH_specs_SLASH_defn_DASH_args:dr
cljs$cst$keyword$day8_DOT_re_DASH_frame_DOT_debux_DOT_common_DOT_macro_DASH_specs_SLASH_fn_DASH_args:br
cljs$cst$keyword$day8_DOT_re_DASH_frame_DOT_debux_DOT_common_DOT_macro_DASH_specs_SLASH_name:as
cljs$cst$keyword$db:ur
cljs$cst$keyword$db_DASH_handler:Po
cljs$cst$keyword$declared:Xo
cljs$cst$keyword$defs:fr
cljs$cst$keyword$deftype:Er
cljs$cst$keyword$dep_DASH_path:$r
cljs$cst$keyword$deprecated:jn
cljs$cst$keyword$deps:Iq
cljs$cst$keyword$descendants:Xj
cljs$cst$keyword$directive:nn
cljs$cst$keyword$dispatch:$p
cljs$cst$keyword$dispatch_DASH_later:Nm
cljs$cst$keyword$display_DASH_name:co
cljs$cst$keyword$div:ao
cljs$cst$keyword$do:pr
cljs$cst$keyword$do_DASH_fx:Wn
cljs$cst$keyword$doc:ep
cljs$cst$keyword$docstring:Qm
cljs$cst$keyword$dup:Bb
cljs$cst$keyword$dynamic:Ap
cljs$cst$keyword$e:qn
cljs$cst$keyword$end_DASH_block_DASH_t:Gs
cljs$cst$keyword$end_DASH_column:jm
cljs$cst$keyword$end_DASH_line:ul
cljs$cst$keyword$event:Tn
cljs$cst$keyword$ex_DASH_kind:fq
cljs$cst$keyword$exponentchar:hn
cljs$cst$keyword$export:xr
cljs$cst$keyword$expr:fp
cljs$cst$keyword$exprs:Yo
cljs$cst$keyword$extend_DASH_type_DASH_invalid_DASH_method_DASH_shape:Pl
cljs$cst$keyword$extending_DASH_base_DASH_js_DASH_type:Yq
cljs$cst$keyword$externs:Xm
cljs$cst$keyword$failure:Rp
cljs$cst$keyword$failure_DASH_http_DASH_result:Hm
cljs$cst$keyword$fill:ls
cljs$cst$keyword$finally:Ul
cljs$cst$keyword$finish_DASH_run:Km
cljs$cst$keyword$fixed_DASH_arity:wo
cljs$cst$keyword$flag:jo
cljs$cst$keyword$flags:Io
cljs$cst$keyword$fn_DASH_deprecated:er
cljs$cst$keyword$fn_DASH_method:Hp
cljs$cst$keyword$fn_DASH_self_DASH_name:Am
cljs$cst$keyword$fn_DASH_var:um
cljs$cst$keyword$fname:Qr
cljs$cst$keyword$fns:bo
cljs$cst$keyword$foreign:aq
cljs$cst$keyword$forms:gr
cljs$cst$keyword$fsm_DASH_state:zl
cljs$cst$keyword$function_DASH_components:on
cljs$cst$keyword$gamesplayed:Cr
cljs$cst$keyword$generator_DASH_fn:Br
cljs$cst$keyword$get:hl
cljs$cst$keyword$getDerivedStateFromError:yp
cljs$cst$keyword$getInitialState:pm
cljs$cst$keyword$global:em
cljs$cst$keyword$global_DASH_goog_DASH_object_AMPERSAND_array:jp
cljs$cst$keyword$group:Co
cljs$cst$keyword$h3:Tq
cljs$cst$keyword$host_DASH_call:Fl
cljs$cst$keyword$http_DASH_no_DASH_on_DASH_failure:An
cljs$cst$keyword$http_DASH_xhrio:wr
cljs$cst$keyword$include_DASH_macros:$n
cljs$cst$keyword$indent_DASH_t:Qn
cljs$cst$keyword$inferred_DASH_ret_DASH_tag:$q
cljs$cst$keyword$internal_DASH_ctor:Fo
cljs$cst$keyword$intra_DASH_block_DASH_nl:lp
cljs$cst$keyword$invalid_DASH_arithmetic:Mn
cljs$cst$keyword$invalid_DASH_arity:Rk
cljs$cst$keyword$invalid_DASH_protocol_DASH_symbol:Ro
cljs$cst$keyword$invoke:js
cljs$cst$keyword$items:Hl
cljs$cst$keyword$java:uq
cljs$cst$keyword$js:Rr
cljs$cst$keyword$js_DASH_globals:Yn
cljs$cst$keyword$js_DASH_module_DASH_index:$l
cljs$cst$keyword$js_DASH_object:Rl
cljs$cst$keyword$js_DASH_provide:ko
cljs$cst$keyword$js_DASH_shadowed_DASH_by_DASH_local:al
cljs$cst$keyword$jsdoc:Mk
cljs$cst$keyword$keys:hp
cljs$cst$keyword$keyword:Es
cljs$cst$keyword$keywordize_DASH_keys:Tj
cljs$cst$keyword$keywords_QMARK_:so
cljs$cst$keyword$ks:vl
cljs$cst$keyword$last:kn
cljs$cst$keyword$last_DASH_error:Sm
cljs$cst$keyword$last_DASH_error_DASH_code:no
cljs$cst$keyword$length:im
cljs$cst$keyword$level:Qk
cljs$cst$keyword$lib:Kr
cljs$cst$keyword$line:Sk
cljs$cst$keyword$linear:Sl
cljs$cst$keyword$list:qr
cljs$cst$keyword$literal_QMARK_:np
cljs$cst$keyword$locals:mq
cljs$cst$keyword$logical_DASH_block_DASH_callback:Dr
cljs$cst$keyword$loop_DASH_lets:om
cljs$cst$keyword$macro_DASH_syntax_DASH_check:cr
cljs$cst$keyword$macroexpansion:Ll
cljs$cst$keyword$macros:kr
cljs$cst$keyword$macros_DASH_ns:sp
cljs$cst$keyword$mandatory:fm
cljs$cst$keyword$map:qp
cljs$cst$keyword$max:Ep
cljs$cst$keyword$max_DASH_columns:Cp
cljs$cst$keyword$max_DASH_iterations:gs
cljs$cst$keyword$meta:Ab
cljs$cst$keyword$method:ol
cljs$cst$keyword$methods:Vq
cljs$cst$keyword$min_DASH_remaining:Ek
cljs$cst$keyword$mincol:Tr
cljs$cst$keyword$minpad:mm
cljs$cst$keyword$missing:zs
cljs$cst$keyword$mode:Bp
cljs$cst$keyword$module:Pr
cljs$cst$keyword$module_DASH_type:xm
cljs$cst$keyword$multiple_DASH_variadic_DASH_overloads:Fr
cljs$cst$keyword$mutable:Rm
cljs$cst$keyword$n:Hn
cljs$cst$keyword$name:hq
cljs$cst$keyword$namespaced_DASH_map:yl
cljs$cst$keyword$nil:Uq
cljs$cst$keyword$no_DASH_cache:Gm
cljs$cst$keyword$no_DASH_such_DASH_method:ar
cljs$cst$keyword$node:ip
cljs$cst$keyword$nodejs:In
cljs$cst$keyword$not_DASH_delivered:sm
cljs$cst$keyword$ns:xk
cljs$cst$keyword$ns_STAR_:tp
cljs$cst$keyword$num_DASH_fields:En
cljs$cst$keyword$object:Hs
cljs$cst$keyword$offset:Gk
cljs$cst$keyword$on_DASH_click:dm
cljs$cst$keyword$on_DASH_dispose:gl
cljs$cst$keyword$on_DASH_error:Jl
cljs$cst$keyword$on_DASH_failure:Zk
cljs$cst$keyword$on_DASH_message:un
cljs$cst$keyword$on_DASH_request:Qq
cljs$cst$keyword$on_DASH_success:fn
cljs$cst$keyword$on_DASH_write:sr
cljs$cst$keyword$only:nl
cljs$cst$keyword$options:xq
cljs$cst$keyword$original_DASH_event:Ds
cljs$cst$keyword$original_DASH_text:Xk
cljs$cst$keyword$overload_DASH_arity:el
cljs$cst$keyword$p:Fn
cljs$cst$keyword$p2:Pk
cljs$cst$keyword$padchar:Gq
cljs$cst$keyword$params:Fs
cljs$cst$keyword$parse_DASH_error:Im
cljs$cst$keyword$parse_DASH_tag:Ko
cljs$cst$keyword$per_DASH_line_DASH_prefix:jl
cljs$cst$keyword$post:jr
cljs$cst$keyword$preamble_DASH_missing:tm
cljs$cst$keyword$prepost:Sn
cljs$cst$keyword$prepost_PLUS_body:Or
cljs$cst$keyword$preprocess:Lr
cljs$cst$keyword$print_DASH_length:Cb
cljs$cst$keyword$private_DASH_var_DASH_access:Fq
cljs$cst$keyword$progress_DASH_handler:ts
cljs$cst$keyword$protocol:Ur
cljs$cst$keyword$protocol_DASH_deprecated:Jq
cljs$cst$keyword$protocol_DASH_duped_DASH_method:Bq
cljs$cst$keyword$protocol_DASH_impl:rm
cljs$cst$keyword$protocol_DASH_info:ms
cljs$cst$keyword$protocol_DASH_inline:Cs
cljs$cst$keyword$protocol_DASH_invalid_DASH_method:Lq
cljs$cst$keyword$protocol_DASH_multiple_DASH_impls:Yr
cljs$cst$keyword$protocol_DASH_symbol:xp
cljs$cst$keyword$protocol_DASH_with_DASH_overwriting_DASH_method:Lo
cljs$cst$keyword$ps:qm
cljs$cst$keyword$queue:oq
cljs$cst$keyword$quoted_QMARK_:Ao
cljs$cst$keyword$radix:vs
cljs$cst$keyword$raw:Om
cljs$cst$keyword$read:up
cljs$cst$keyword$readably:zb
cljs$cst$keyword$reader_DASH_error:Uo
cljs$cst$keyword$ready:Ij
cljs$cst$keyword$redef:yq
cljs$cst$keyword$refer_DASH_clojure:Nq
cljs$cst$keyword$reload:Uk
cljs$cst$keyword$reload_DASH_all:Jr
cljs$cst$keyword$reloads:Ym
cljs$cst$keyword$rename:Tp
cljs$cst$keyword$rename_DASH_macros:vo
cljs$cst$keyword$renames:cl
cljs$cst$keyword$request_DASH_received:wq
cljs$cst$keyword$require_DASH_macros:Ir
cljs$cst$keyword$response_DASH_format:Js
cljs$cst$keyword$response_DASH_ready:us
cljs$cst$keyword$ret_DASH_tag:sl
cljs$cst$keyword$right_DASH_bracket:jq
cljs$cst$keyword$running:Qp
cljs$cst$keyword$scheduled:Ln
cljs$cst$keyword$selector:tq
cljs$cst$keyword$set:sn
cljs$cst$keyword$shadow:Kq
cljs$cst$keyword$shouldComponentUpdate:ks
cljs$cst$keyword$splice:Zp
cljs$cst$keyword$start_DASH_col:Sp
cljs$cst$keyword$start_DASH_pos:lo
cljs$cst$keyword$statements:Fk
cljs$cst$keyword$strable:Bn
cljs$cst$keyword$stream:ss
cljs$cst$keyword$suffix:Sq
cljs$cst$keyword$suppress_DASH_namespaces:Up
cljs$cst$keyword$tags:wm
cljs$cst$keyword$target:cm
cljs$cst$keyword$td:Gn
cljs$cst$keyword$td_DOT_listr:cn
cljs$cst$keyword$test:hm
cljs$cst$keyword$the_DASH_var:Dm
cljs$cst$keyword$then:qq
cljs$cst$keyword$trailing_DASH_white_DASH_space:Xn
cljs$cst$keyword$trigger:en
cljs$cst$keyword$try:bq
cljs$cst$keyword$type:Qo
cljs$cst$keyword$types:Ol
cljs$cst$keyword$unchecked:ml
cljs$cst$keyword$undeclared_DASH_protocol_DASH_symbol:xl
cljs$cst$keyword$unsupported_DASH_js_DASH_module_DASH_type:rp
cljs$cst$keyword$unsupported_DASH_preprocess_DASH_value:cs
cljs$cst$keyword$up_DASH_arrow:yr
cljs$cst$keyword$uses:Bl
cljs$cst$keyword$val:Ej
cljs$cst$keyword$vals:Wr
cljs$cst$keyword$var_DASH_ast:rl
cljs$cst$keyword$variadic_QMARK_:Yg
cljs$cst$keyword$vec_DASH_strategy:Zo
cljs$cst$keyword$vector:ro
cljs$cst$keyword$volatile_DASH_mutable:Np
cljs$cst$keyword$w:wn
cljs$cst$keyword$warning_DASH_type:Jp
cljs$cst$keyword$websocket_DASH_success:Oo
cljs$cst$keyword$winrate:eo
cljs$cst$keyword$yield:ds
cljs$cst$symbol$Boolean:Mp
cljs$cst$symbol$Inf:Hq
cljs$cst$symbol$Math:Ip
cljs$cst$symbol$NaN:ys
cljs$cst$symbol$Object:Op
cljs$cst$symbol$Symbol:Hk
cljs$cst$symbol$_AMPERSAND_form:Wo
cljs$cst$symbol$_DOT_:Wp
cljs$cst$symbol$_DOT__DASH_cljs$lang$test:vm
cljs$cst$symbol$_STAR_unchecked_DASH_if_STAR_:Nn
cljs$cst$symbol$_STAR_warn_DASH_on_DASH_infer_STAR_:Dl
cljs$cst$symbol$aget:Zr
cljs$cst$symbol$aset:Ql
cljs$cst$symbol$chars:Tm
cljs$cst$symbol$checked_DASH_aget:Pp
cljs$cst$symbol$checked_DASH_aget_SINGLEQUOTE_:xs
cljs$cst$symbol$checked_DASH_aset:Kn
cljs$cst$symbol$clj:Jk
cljs$cst$symbol$clj_DASH_nil:So
cljs$cst$symbol$cljs_DOT_core:Lk
cljs$cst$symbol$cljs_DOT_core_DOT_PersistentQueue_DOT_EMPTY:zq
cljs$cst$symbol$cljs_DOT_core_SLASH_IList:No
cljs$cst$symbol$cljs_DOT_core_SLASH_IMap:oo
cljs$cst$symbol$cljs_DOT_core_SLASH_IMapEntry:Cn
cljs$cst$symbol$cljs_DOT_core_SLASH_IRecord:wp
cljs$cst$symbol$cljs_DOT_core_SLASH_ISeqable:On
cljs$cst$symbol$cljs_DOT_core_SLASH_ISet:gm
cljs$cst$symbol$cljs_DOT_core_SLASH_IVector:zm
cljs$cst$symbol$cljs_DOT_core_SLASH_Inst:qs
cljs$cst$symbol$cljs_DOT_core_SLASH_List:bp
cljs$cst$symbol$cljs_DOT_core_SLASH_Reduced:Hr
cljs$cst$symbol$cljs_DOT_core_SLASH_Symbol:Zm
cljs$cst$symbol$cljs_DOT_core_SLASH_Var:Nk
cljs$cst$symbol$cljs_DOT_core_SLASH_boolean_QMARK_:op
cljs$cst$symbol$cljs_DOT_core_SLASH_char_QMARK_:Dp
cljs$cst$symbol$cljs_DOT_core_SLASH_checked_DASH_aget:rs
cljs$cst$symbol$cljs_DOT_core_SLASH_checked_DASH_aget_SINGLEQUOTE_:kl
cljs$cst$symbol$cljs_DOT_core_SLASH_checked_DASH_aset_SINGLEQUOTE_:Em
cljs$cst$symbol$cljs_DOT_core_SLASH_cond:Jm
cljs$cst$symbol$cljs_DOT_core_SLASH_delay_QMARK_:Mm
cljs$cst$symbol$cljs_DOT_core_SLASH_deref:Vl
cljs$cst$symbol$cljs_DOT_core_SLASH_double_QMARK_:Oq
cljs$cst$symbol$cljs_DOT_core_SLASH_ident_QMARK_:vp
cljs$cst$symbol$cljs_DOT_core_SLASH_identity:vq
cljs$cst$symbol$cljs_DOT_core_SLASH_inst_QMARK_:yo
cljs$cst$symbol$cljs_DOT_core_SLASH_instance_QMARK_:gp
cljs$cst$symbol$cljs_DOT_core_SLASH_integer_QMARK_:Tk
cljs$cst$symbol$cljs_DOT_core_SLASH_into:hs
cljs$cst$symbol$cljs_DOT_core_SLASH_keyword_QMARK_:ap
cljs$cst$symbol$cljs_DOT_core_SLASH_lift_DASH_ns:pn
cljs$cst$symbol$cljs_DOT_core_SLASH_map_DASH_entry_QMARK_:$k
cljs$cst$symbol$cljs_DOT_core_SLASH_nil_QMARK_:Gr
cljs$cst$symbol$cljs_DOT_core_SLASH_ns_DASH_special_DASH_form:Vn
cljs$cst$symbol$cljs_DOT_core_SLASH_qualified_DASH_symbol_QMARK_:Gp
cljs$cst$symbol$cljs_DOT_core_SLASH_record_QMARK_:yn
cljs$cst$symbol$cljs_DOT_core_SLASH_sequential_QMARK_:Nr
cljs$cst$symbol$cljs_DOT_core_SLASH_simple_DASH_ident_QMARK_:ll
cljs$cst$symbol$cljs_DOT_core_SLASH_simple_DASH_keyword_QMARK_:io
cljs$cst$symbol$cljs_DOT_core_SLASH_symbol_QMARK_:kp
cljs$cst$symbol$cljs_DOT_core_SLASH_unquote:Bm
cljs$cst$symbol$cljs_DOT_core_SLASH_var_QMARK_:Fm
cljs$cst$symbol$cljs_DOT_core_SLASH_when:Ml
cljs$cst$symbol$cljs_DOT_reader:mo
cljs$cst$symbol$cljs_DOT_reader_SLASH_read_DASH_date:km
cljs$cst$symbol$cljs_DOT_repl:lm
cljs$cst$symbol$cljs_DOT_spec_DOT_alpha:Ck
cljs$cst$symbol$cljs_DOT_spec_DOT_alpha_SLASH__PLUS_:Ar
cljs$cst$symbol$cljs_DOT_spec_DOT_alpha_SLASH__QMARK_:Mr
cljs$cst$symbol$cljs_DOT_spec_DOT_alpha_SLASH_conformer:To
cljs$cst$symbol$cljs_DOT_user:Kk
cljs$cst$symbol$clojure_DOT_core_SLASH_deref:Dq
cljs$cst$symbol$clojure_DOT_core_SLASH_unquote:zo
cljs$cst$symbol$cond:pp
cljs$cst$symbol$condp:Xr
cljs$cst$symbol$day8_DOT_re_DASH_frame_DOT_debux_DOT_common_DOT_macro_DASH_specs_SLASH_arg_DASH_list_DASH_unformer:po
cljs$cst$symbol$day8_DOT_re_DASH_frame_DOT_debux_DOT_common_DOT_macro_DASH_specs_SLASH_name_DASH_unformer:fl
cljs$cst$symbol$day8_DOT_re_DASH_frame_DOT_debux_DOT_common_DOT_macro_DASH_specs_SLASH_skip:Mq
cljs$cst$symbol$def:ir
cljs$cst$symbol$defmacro:Bs
cljs$cst$symbol$defn_DASH_:Wq
cljs$cst$symbol$deftype_STAR_:ws
cljs$cst$symbol$do:Zl
cljs$cst$symbol$doseq:Mo
cljs$cst$symbol$floats:tl
cljs$cst$symbol$fn:xn
cljs$cst$symbol$goog_DOT_object:Eo
cljs$cst$symbol$if:$m
cljs$cst$symbol$if_DASH_let:Vr
cljs$cst$symbol$ignore:Nl
cljs$cst$symbol$js_SLASH_Boolean:iq
cljs$cst$symbol$js_SLASH_Object:Tl
cljs$cst$symbol$js_SLASH_RegExp:Um
cljs$cst$symbol$let:Pm
cljs$cst$symbol$let_STAR_:qo
cljs$cst$symbol$lift_DASH_ns:Rn
cljs$cst$symbol$locking:mn
cljs$cst$symbol$long:cq
cljs$cst$symbol$loop:rq
cljs$cst$symbol$loop_STAR_:dn
cljs$cst$symbol$macroexpand_DASH_check:vr
cljs$cst$symbol$ns:fo
cljs$cst$symbol$ns_STAR_:bl
cljs$cst$symbol$p1__14118_SHARP_:Wl
cljs$cst$symbol$prototype:Wm
cljs$cst$symbol$quote:ln
cljs$cst$symbol$read_DASH_date:Is
cljs$cst$symbol$recur:Jo
cljs$cst$symbol$set_BANG_:Xp
cljs$cst$symbol$shorts:Ok
cljs$cst$symbol$struct:pl
cljs$cst$symbol$symbol:nr
cljs$cst$symbol$throw:Lm
cljs$cst$symbol$v:Vo
cljs$cst$symbol$var:dp
cljs$cst$symbol$when:zp
cljs$cst$symbol$when_DASH_first:uo
cljs$cst$symbol$with_DASH_local_DASH_vars:Cm
cljs$cst$symbol$with_DASH_open:nm
cljs$pprint:dy
cljs$pprint$_STAR_code_table_STAR_:nB
cljs$pprint$_STAR_current_length_STAR_:hz
cljs$pprint$_STAR_current_level_STAR_:gz
cljs$pprint$_STAR_format_str_STAR_:uz
cljs$pprint$_STAR_print_base_STAR_:fz
cljs$pprint$_STAR_print_circle_STAR_:cz
cljs$pprint$_STAR_print_lines_STAR_:bz
cljs$pprint$_STAR_print_miser_width_STAR_:Xy
cljs$pprint$_STAR_print_pprint_dispatch_STAR_:az
cljs$pprint$_STAR_print_pretty_STAR_:$y
cljs$pprint$_STAR_print_radix_STAR_:ez
cljs$pprint$_STAR_print_right_margin_STAR_:Wy
cljs$pprint$_STAR_print_suppress_namespaces_STAR_:dz
cljs$pprint$_STAR_symbol_map_STAR_:mB
cljs$pprint$_ppflush:sy
cljs$pprint$abort_QMARK_:Yz
cljs$pprint$absolute_reposition:zz
cljs$pprint$add_english_scales:Qz
cljs$pprint$add_to_buffer:Sy
cljs$pprint$ancestor_QMARK_:yy
cljs$pprint$arg_navigator:wz
cljs$pprint$base_str:Gz
cljs$pprint$boolean_conditional:iA
cljs$pprint$brackets:cB
cljs$pprint$buffer_blob:zy
cljs$pprint$c_write_char:vy
cljs$pprint$cached_compile:NA
cljs$pprint$capitalize_string:tA
cljs$pprint$capitalize_word_writer:uA
cljs$pprint$char_code:ny
cljs$pprint$check_arg_conditional:jA
cljs$pprint$check_enumerated_arg:lz
cljs$pprint$check_flags:FA
cljs$pprint$choice_conditional:hA
cljs$pprint$cl_format$cljs$0core$0IFn$0_invoke$0arity$0variadic:pz
cljs$pprint$code_dispatch:oB
cljs$pprint$collect_clauses:KA
cljs$pprint$column_writer$cljs$0core$0IFn$0_invoke$0arity$02:wy
cljs$pprint$compile_directive:HA
cljs$pprint$compile_format:qz
cljs$pprint$compile_raw_string:IA
cljs$pprint$compiled_directive:Bz
cljs$pprint$conditional_newline:xA
cljs$pprint$consume:py
cljs$pprint$directive_table:yA
cljs$pprint$dollar_float:gA
cljs$pprint$downcase_writer:rA
cljs$pprint$emit_nl:Hy
cljs$pprint$emit_nl_QMARK_:My
cljs$pprint$end_block:Zy
cljs$pprint$end_block_t:Ey
cljs$pprint$english_cardinal_tens:Mz
cljs$pprint$english_cardinal_units:Kz
cljs$pprint$english_ordinal_tens:Nz
cljs$pprint$english_ordinal_units:Lz
cljs$pprint$english_scale_numbers:Oz
cljs$pprint$execute_format$cljs$0core$0IFn$0_invoke$0arity$02:tz
cljs$pprint$execute_sub_format:Zz
cljs$pprint$exponential_float:eA
cljs$pprint$extract_flags:EA
cljs$pprint$extract_param:BA
cljs$pprint$fixed_float:dA
cljs$pprint$flag_defs:DA
cljs$pprint$float_parts:$z
cljs$pprint$format_ascii:Fz
cljs$pprint$format_error:vz
cljs$pprint$format_integer:Jz
cljs$pprint$format_roman:Tz
cljs$pprint$format_simple_cardinal:Pz
cljs$pprint$general_float:fA
cljs$pprint$get_field:ty
cljs$pprint$get_fixed:bA
cljs$pprint$get_format_arg:yz
cljs$pprint$get_section:Ny
cljs$pprint$get_sub_section:Oy
cljs$pprint$group_by_STAR_:Iz
cljs$pprint$indent_t:Fy
cljs$pprint$init_cap_writer:vA
cljs$pprint$init_navigator:rz
cljs$pprint$insert_scaled_decimal:cA
cljs$pprint$iterate_list_of_sublists:lA
cljs$pprint$iterate_main_list:mA
cljs$pprint$iterate_main_sublists:nA
cljs$pprint$iterate_sublist:kA
cljs$pprint$justify_clauses:pA
cljs$pprint$level_exceeded:mz
cljs$pprint$linear_nl_QMARK_:Ky
cljs$pprint$logical_block:xy
cljs$pprint$logical_block_or_justify:oA
cljs$pprint$make_buffer_blob:Ay
cljs$pprint$map_params:GA
cljs$pprint$map_passing_context:oy
cljs$pprint$miser_nl_QMARK_:Ly
cljs$pprint$multi_defn:gB
cljs$pprint$needs_pretty:sz
cljs$pprint$new_roman_table:Sz
cljs$pprint$next_arg:xz
cljs$pprint$nl_t:By
cljs$pprint$nl_t_QMARK_:Cy
cljs$pprint$old_roman_table:Rz
cljs$pprint$param_pattern:zA
cljs$pprint$plain_character:Xz
cljs$pprint$pprint_binding_form:jB
cljs$pprint$pprint_defn:hB
cljs$pprint$pprint_hold_first:eB
cljs$pprint$pprint_if:lB
cljs$pprint$pprint_indent:oz
cljs$pprint$pprint_let:kB
cljs$pprint$pprint_map:RA
cljs$pprint$pprint_newline:nz
cljs$pprint$pprint_ns_reference:dB
cljs$pprint$pprint_pqueue:VA
cljs$pprint$pprint_reader_macro:PA
cljs$pprint$pprint_set:TA
cljs$pprint$pprint_simple_code_list:iB
cljs$pprint$pprint_simple_default:SA
cljs$pprint$pprint_vector:QA
cljs$pprint$pr:ly
cljs$pprint$pretty_character:Vz
cljs$pprint$pretty_writer:Vy
cljs$pprint$pretty_writer_QMARK_:iz
cljs$pprint$print:ky
cljs$pprint$prn:my
cljs$pprint$process_bracket:JA
cljs$pprint$process_clause:LA
cljs$pprint$process_nesting:MA
cljs$pprint$readable_character:Wz
cljs$pprint$reader_macros:OA
cljs$pprint$realize_parameter:Cz
cljs$pprint$realize_parameter_list:Dz
cljs$pprint$relative_reposition:Az
cljs$pprint$remainders:Hz
cljs$pprint$render_clauses:qA
cljs$pprint$round_str:aA
cljs$pprint$set_field:uy
cljs$pprint$set_indent:wA
cljs$pprint$simple_dispatch:XA
cljs$pprint$single_defn:fB
cljs$pprint$special_chars:Uz
cljs$pprint$special_params:AA
cljs$pprint$special_radix_markers:Ez
cljs$pprint$split_at_newline:Py
cljs$pprint$start_block:Yy
cljs$pprint$start_block_t:Dy
cljs$pprint$t_cljs$0pprint10757:iy
cljs$pprint$t_cljs$0pprint11031:jy
cljs$pprint$t_cljs$0pprint11429:YA
cljs$pprint$t_cljs$0pprint11442:ZA
cljs$pprint$t_cljs$0pprint11456:$A
cljs$pprint$t_cljs$0pprint11466:aB
cljs$pprint$tokens_fit_QMARK_:Jy
cljs$pprint$translate_param:CA
cljs$pprint$tuple_map:ry
cljs$pprint$type_dispatcher:WA
cljs$pprint$type_map:UA
cljs$pprint$unzip_map:qy
cljs$pprint$upcase_writer:sA
cljs$pprint$write:kz
cljs$pprint$write_initial_lines:Uy
cljs$pprint$write_line:Ry
cljs$pprint$write_out:jz
cljs$pprint$write_token:Gy
cljs$pprint$write_token_string:Qy
cljs$pprint$write_tokens:Iy
cljs$pprint$write_white_space:Ty
cljs$reader$_STAR_default_data_reader_fn_STAR_:lD
cljs$reader$_STAR_tag_table_STAR_:mD
cljs$reader$check:iD
cljs$reader$days_in_month:fD
cljs$reader$parse_and_validate_timestamp:jD
cljs$reader$parse_int:hD
cljs$reader$read_date:kD
cljs$reader$timestamp_regex:gD
cljs$spec:tG
cljs$spec$alpha:uG
cljs$spec$alpha$Specize$specize_STAR_$dyn_14223:GH
cljs$spec$alpha$accept:WG
cljs$spec$alpha$accept_QMARK_:XG
cljs$spec$alpha$accept_nil_QMARK_:hH
cljs$spec$alpha$add_ret:jH
cljs$spec$alpha$alt2:eH
cljs$spec$alpha$alt_STAR_:dH
cljs$spec$alpha$alt_impl:fH
cljs$spec$alpha$and_preds:UG
cljs$spec$alpha$and_spec_impl:VG
cljs$spec$alpha$cat_impl:ZG
cljs$spec$alpha$conform_STAR_:yG
cljs$spec$alpha$def_impl:RG
cljs$spec$alpha$deriv:kH
cljs$spec$alpha$dt$cljs$0core$0IFn$0_invoke$0arity$04:SG
cljs$spec$alpha$filter_alt:cH
cljs$spec$alpha$fn_sym:KG
cljs$spec$alpha$invalid_QMARK_:PG
cljs$spec$alpha$maybe_impl:gH
cljs$spec$alpha$maybe_spec:HG
cljs$spec$alpha$pcat_STAR_:YG
cljs$spec$alpha$preturn:iH
cljs$spec$alpha$re_conform:lH
cljs$spec$alpha$reg_resolve:BG
cljs$spec$alpha$reg_resolve_BANG_:CG
cljs$spec$alpha$regex_QMARK_:EG
cljs$spec$alpha$regex_spec_impl:IG
cljs$spec$alpha$registry_ref:AG
cljs$spec$alpha$rep_PLUS_impl:bH
cljs$spec$alpha$rep_STAR_:$G
cljs$spec$alpha$rep_impl:aH
cljs$spec$alpha$spec_QMARK_:DG
cljs$spec$alpha$spec_impl$cljs$0core$0IFn$0_invoke$0arity$04:NG
cljs$spec$alpha$spec_impl$cljs$0core$0IFn$0_invoke$0arity$05:TG
cljs$spec$alpha$spec_name:GG
cljs$spec$alpha$specize:OG
cljs$spec$alpha$specize_STAR_:LG
cljs$spec$alpha$t_cljs$0spec$0alpha13192:BH
cljs$spec$alpha$t_cljs$0spec$0alpha13378:EH
cljs$spec$alpha$t_cljs$0spec$0alpha14044:FH
cljs$spec$alpha$the_spec:JG
cljs$spec$alpha$with_gen:QG
cljs$spec$alpha$with_gen_STAR_:zG
cljs$spec$alpha$with_name:FG
cljs$tagged_literals$JSValue:oD
cljs$tagged_literals$valid_js_literal_key_QMARK_:nD
cljs$tools$reader$edn$dispatch_macros:IC
cljs$tools$reader$edn$escape_char:WC
cljs$tools$reader$edn$macro_terminating_QMARK_:DC
cljs$tools$reader$edn$macros:EC
cljs$tools$reader$edn$not_constituent_QMARK_:FC
cljs$tools$reader$edn$read:RC
cljs$tools$reader$edn$read$cljs$0core$0IFn$0_invoke$0arity$02:eD
cljs$tools$reader$edn$read$cljs$0core$0IFn$0_invoke$0arity$04:QC
cljs$tools$reader$edn$read_char_STAR_:NC
cljs$tools$reader$edn$read_delimited:PC
cljs$tools$reader$edn$read_discard:bD
cljs$tools$reader$edn$read_dispatch:HC
cljs$tools$reader$edn$read_keyword:ZC
cljs$tools$reader$edn$read_list:SC
cljs$tools$reader$edn$read_map:UC
cljs$tools$reader$edn$read_meta:$C
cljs$tools$reader$edn$read_namespaced_map:cD
cljs$tools$reader$edn$read_number:VC
cljs$tools$reader$edn$read_set:aD
cljs$tools$reader$edn$read_string_STAR_:XC
cljs$tools$reader$edn$read_symbol:YC
cljs$tools$reader$edn$read_symbolic_value:dD
cljs$tools$reader$edn$read_tagged:JC
cljs$tools$reader$edn$read_token$cljs$0core$0IFn$0_invoke$0arity$04:GC
cljs$tools$reader$edn$read_unicode_char$cljs$0core$0IFn$0_invoke$0arity$04:LC
cljs$tools$reader$edn$read_unicode_char$cljs$0core$0IFn$0_invoke$0arity$05:MC
cljs$tools$reader$edn$read_unmatched_delimiter:KC
cljs$tools$reader$edn$read_vector:TC
cljs$tools$reader$edn$starting_line_col_info:OC
cljs$tools$reader$impl$commons$float_pattern:xC
cljs$tools$reader$impl$commons$int_pattern:vC
cljs$tools$reader$impl$commons$match_number:zC
cljs$tools$reader$impl$commons$matches_QMARK_:yC
cljs$tools$reader$impl$commons$parse_symbol:AC
cljs$tools$reader$impl$commons$ratio_pattern:wC
cljs$tools$reader$impl$commons$read_comment:BC
cljs$tools$reader$impl$commons$read_past:uC
cljs$tools$reader$impl$commons$throwing_reader:CC
cljs$tools$reader$impl$errors$duplicate_keys_error:sC
cljs$tools$reader$impl$errors$eof_error$cljs$0core$0IFn$0_invoke$0arity$0variadic:lC
cljs$tools$reader$impl$errors$illegal_arg_error$cljs$0core$0IFn$0_invoke$0arity$0variadic:kC
cljs$tools$reader$impl$errors$reader_error$cljs$0core$0IFn$0_invoke$0arity$0variadic:jC
cljs$tools$reader$impl$errors$throw_bad_char:oC
cljs$tools$reader$impl$errors$throw_bad_octal_number:rC
cljs$tools$reader$impl$errors$throw_dup_keys:tC
cljs$tools$reader$impl$errors$throw_eof_reading$cljs$0core$0IFn$0_invoke$0arity$0variadic:pC
cljs$tools$reader$impl$errors$throw_ex$cljs$0core$0IFn$0_invoke$0arity$0variadic:iC
cljs$tools$reader$impl$errors$throw_invalid:nC
cljs$tools$reader$impl$errors$throw_invalid_unicode_digit:qC
cljs$tools$reader$impl$errors$throw_odd_map:mC
cljs$tools$reader$impl$inspect$inspect_STAR_:cC
cljs$tools$reader$impl$inspect$inspect_STAR__col:bC
cljs$tools$reader$impl$utils$char_code:SB
cljs$tools$reader$impl$utils$namespace_keys:RB
cljs$tools$reader$impl$utils$numeric_QMARK_:QB
cljs$tools$reader$impl$utils$whitespace_QMARK_:PB
cljs$tools$reader$impl$utils$ws_rx:OB
cljs$tools$reader$reader_types$PushbackReader:$B
cljs$tools$reader$reader_types$StringReader:ZB
cljs$tools$reader$reader_types$get_column_number:XB
cljs$tools$reader$reader_types$get_file_name:YB
cljs$tools$reader$reader_types$get_line_number:WB
cljs$tools$reader$reader_types$indexing_reader_QMARK_:aC
cljs$tools$reader$reader_types$peek_char:UB
cljs$tools$reader$reader_types$read_char:TB
cljs$tools$reader$reader_types$unread:VB
clojure$data$atom_diff:Cw
clojure$data$diff:Fw
clojure$data$diff_associative:Gw
clojure$data$diff_associative_key:Ew
clojure$data$diff_sequential:Hw
clojure$data$diff_set:Iw
clojure$data$diff_similar:Kw
clojure$data$equality_partition:Jw
clojure$data$vectorize:Dw
clojure$set$bubble_max_key:ut
clojure$set$difference:xt
clojure$set$intersection:wt
clojure$set$union$cljs$0core$0IFn$0_invoke$0arity$02:vt
clojure$string$join$cljs$0core$0IFn$0_invoke$0arity$02:Ps
clojure$string$replace:Os
clojure$string$replace_all:Ms
clojure$string$replace_with:Ns
clojure$string$split$cljs$0core$0IFn$0_invoke$0arity$02:Rs
clojure$string$split$cljs$0core$0IFn$0_invoke$0arity$03:Ss
clojure$string$split_with_empty_regex:Qs
com$cognitect$transit$eq$equals:qH
com$cognitect$transit$eq$hashArrayLike:wH
com$cognitect$transit$eq$hashCode:vH
com$cognitect$transit$eq$hashCodeCounter:pH
com$cognitect$transit$eq$hashCombine:rH
com$cognitect$transit$eq$hashMapLike:uH
com$cognitect$transit$eq$stringCodeCache:sH
com$cognitect$transit$eq$stringCodeCacheSize:tH
com$cognitect$transit$util$isArray:nH
com$cognitect$transit$util$objectKeys:mH
com$cognitect$transit$util$randHex:oH
day8$re_frame$http_fx$ajax_xhrio_handler:ay
day8$re_frame$http_fx$dispatch_on_request:cy
day8$re_frame$http_fx$request__GT_xhrio_options:by
doc$jscomp$inline_2628:gy
docMode$jscomp$inline_1448:fy
goog:fa
goog$Disposable:iv
goog$Disposable$MonitoringMode$OFF:jv
goog$Timer$callOnce:Bx
goog$Timer$defaultTimerObject:Ax
goog$UID_PROPERTY_:oa
goog$async$nextTick:hv
goog$bind:va
goog$bindJs_:sa
goog$bindNative_:ra
goog$dom$createElement:gv
goog$events$BrowserEvent:mv
goog$events$BrowserEvent$IE_POINTER_TYPE_MAP:nv
goog$events$BrowserFeature$PASSIVE_EVENTS:lv
goog$events$Event:kv
goog$events$EventTarget:Jv
goog$events$LISTENER_MAP_PROP_:vv
goog$events$LISTENER_WRAPPER_PROP_:Iv
goog$events$Listenable$IMPLEMENTED_BY_PROP:pv
goog$events$ListenableKey$counter_:ov
goog$events$Listener:qv
goog$events$ListenerMap:sv
goog$events$ListenerMap$findListenerIndex_:tv
goog$events$getListenerMap_:Cv
goog$events$getOnString_:Ev
goog$events$getProxy:Dv
goog$events$handleBrowserEvent_:Fv
goog$events$listen:yv
goog$events$listenOnce:zv
goog$events$listen_:Bv
goog$events$listenerCountEstimate_:xv
goog$events$onStringMap_:wv
goog$events$unlisten:Gv
goog$events$unlistenByKey:Hv
goog$events$wrapListener:Av
goog$getUid:na
goog$global:ha
goog$inherits:wa
goog$isObject:ma
goog$net$DefaultXmlHttpFactory:Gx
goog$net$ErrorCode$getDebugMessage:Sw
goog$net$XhrIo:Ix
goog$net$XhrIo$HTTP_SCHEME_PATTERN:Kx
goog$net$XhrIo$METHODS_WITH_FORM_DATA:Lx
goog$net$XhrIo$ResponseType$DEFAULT:Jx
goog$net$XhrIo$buildProgressEvent_:Tx
goog$net$XhrIo$shouldUseXhr2Timeout_:Ox
goog$net$XmlHttp$factory_:Fx
goog$net$XmlHttpFactory:Cx
goog$nullFunction:ja
goog$reflect$cache:ya
goog$reflect$sinkValue:xa
goog$string$StringBuffer:mb
goog$string$internal$compareElements_:Ua
goog$string$internal$contains:Ta
goog$string$internal$endsWith:Pa
goog$string$internal$isEmptyOrWhitespace:Ra
goog$string$internal$trim:Sa
goog$string$isUnicodeChar:ib
goog$string$splitLimit:jb
goog$typeOf:la
goog$uidCounter_:qa
goog$uri$utils$splitRe_:kb
goog$userAgent$EDGE:Xu
goog$userAgent$GECKO:Yu
goog$userAgent$IE:Wu
goog$userAgent$OPERA:Vu
goog$userAgent$VERSION:av
goog$userAgent$WEBKIT:Zu
goog$userAgent$isVersionOrHigher:fv
goog$userAgent$isVersionOrHigherCache_:za
hierarchy__4751__auto__$jscomp$inline_2807:sB
hierarchy__4751__auto__$jscomp$inline_2841:fC
hierarchy__4751__auto__$jscomp$inline_2913:xG
listener$jscomp$inline_1498:hy
method_cache__4749__auto__$jscomp$inline_2805:qB
method_cache__4749__auto__$jscomp$inline_2839:dC
method_cache__4749__auto__$jscomp$inline_2911:vG
method_table__4747__auto__$jscomp$inline_2803:bB
method_table__4747__auto__$jscomp$inline_2837:tB
method_table__4747__auto__$jscomp$inline_2909:hC
module$contents$goog$array_defaultCompare:db
module$contents$goog$array_indexOf:ab
module$contents$goog$array_sort:cb
module$contents$goog$array_stableSort:eb
module$contents$goog$array_toArray:bb
module$contents$goog$labs$userAgent$platform_isIphone:Uu
module$contents$goog$labs$userAgent$util_matchUserAgent:hb
module$contents$goog$labs$userAgent$util_userAgentInternal:gb
module$contents$goog$math$Long_Long:Ca
module$contents$goog$math$Long_Long$fromBits:Ba
module$contents$goog$math$Long_Long$fromNumber:Da
module$contents$goog$math$Long_Long$fromString:Ia
module$contents$goog$math$Long_MAX_VALUE_:Ea
module$contents$goog$math$Long_MIN_VALUE_:Fa
module$contents$goog$math$Long_NEG_ONE_:Oa
module$contents$goog$math$Long_ONE_:Na
module$contents$goog$math$Long_ZERO_:Ha
module$contents$goog$object_PROTOTYPE_FIELDS:Ya
module$contents$goog$object_extend:Za
module$contents$goog$object_get:Xa
module$contents$goog$object_getKeys:Wa
module$contents$goog$object_map:Va
module$node_modules$react$index:wu
module$node_modules$react_dom$index:Pu
navigator$jscomp$inline_1444:ev
prefer_table__4748__auto__$jscomp$inline_2804:pB
prefer_table__4748__auto__$jscomp$inline_2838:vB
prefer_table__4748__auto__$jscomp$inline_2910:dG
re_frame$cofx$inject_db:Bw
re_frame$core$reg_event_db:Ow
re_frame$core$reg_event_fx$cljs$0core$0IFn$0_invoke$0arity$02:Pw
re_frame$core$reg_sub$cljs$0core$0IFn$0_invoke$0arity$0variadic:Qw
re_frame$db$app_db:Rv
re_frame$events$_STAR_handling_STAR_:fw
re_frame$events$handle:gw
re_frame$fx$dispatch_later:Aw
re_frame$fx$do_fx:zw
re_frame$fx$kind:yw
re_frame$interceptor$__GT_interceptor:aw
re_frame$interceptor$assoc_coeffect:cw
re_frame$interceptor$enqueue:ew
re_frame$interceptor$get_coeffect$cljs$0core$0IFn$0_invoke$0arity$02:bw
re_frame$interceptor$invoke_interceptors:dw
re_frame$interop$add_on_dispose_BANG_:Ov
re_frame$interop$deref_QMARK_:Nv
re_frame$interop$empty_queue:Mv
re_frame$interop$reagent_id:Qv
re_frame$interop$set_timeout_BANG_:Pv
re_frame$loggers$console:Tv
re_frame$loggers$loggers:Sv
re_frame$registrar$clear_handlers:$v
re_frame$registrar$get_handler$cljs$0core$0IFn$0_invoke$0arity$02:Yv
re_frame$registrar$kind__GT_id__GT_handler:Xv
re_frame$registrar$register_handler:Zv
re_frame$router$dispatch:xw
re_frame$router$event_queue:ww
re_frame$router$later_fns:pw
re_frame$settings$store:Vv
re_frame$std_interceptors$db_handler__GT_interceptor:Lw
re_frame$std_interceptors$fx_handler__GT_interceptor:Mw
re_frame$std_interceptors$inject_global_interceptors:Nw
re_frame$subs$cache_and_return:jw
re_frame$subs$cache_lookup$cljs$0core$0IFn$0_invoke$0arity$02:kw
re_frame$subs$deref_input_signals:nw
re_frame$subs$kind:hw
re_frame$subs$map_vals:mw
re_frame$subs$query__GT_reaction:iw
re_frame$subs$reg_sub:ow
re_frame$subs$subscribe:lw
re_frame$utils$first_in_vector:Uv
reagent:Ts
reagent$core$after_render:Lv
reagent$dom$render$cljs$0core$0IFn$0_invoke$0arity$03:cv
reagent$dom$render_comp:bv
reagent$dom$roots:$u
reagent$impl:Us
reagent$impl$batching$compare_mount_order:it
reagent$impl$batching$fake_raf:gt
reagent$impl$batching$mount_count:ft
reagent$impl$batching$next_tick:ht
reagent$impl$batching$queue_render:pt
reagent$impl$batching$ratom_flush:jt
reagent$impl$batching$render_queue:ot
reagent$impl$batching$run_funs:kt
reagent$impl$component$_STAR_current_component_STAR_:Yt
reagent$impl$component$built_in_static_method_names:iu
reagent$impl$component$cache_react_class:ku
reagent$impl$component$camelify_map_keys:eu
reagent$impl$component$cljsify:hu
reagent$impl$component$create_class:ju
reagent$impl$component$custom_wrapper:bu
reagent$impl$component$dash_to_method_name:du
reagent$impl$component$functional_render:mu
reagent$impl$component$functional_render_fn:ou
reagent$impl$component$functional_render_memo_fn:nu
reagent$impl$component$functional_wrap_render:lu
reagent$impl$component$map_to_js:gu
reagent$impl$component$obligatory:cu
reagent$impl$component$props_argv:Zt
reagent$impl$component$rat_opts:Xt
reagent$impl$component$reagent_class_QMARK_:$t
reagent$impl$component$wrap_funs:fu
reagent$impl$component$wrap_render:au
reagent$impl$input$input_component_set_value:ru
reagent$impl$input$input_handle_change:su
reagent$impl$input$input_node_set_value:qu
reagent$impl$input$input_render_setup:tu
reagent$impl$input$input_spec:uu
reagent$impl$input$these_inputs_have_selection_api:pu
reagent$impl$protocols$as_element:st
reagent$impl$protocols$get_id:qt
reagent$impl$protocols$make_element:tt
reagent$impl$protocols$parse_tag:rt
reagent$impl$template:vu
reagent$impl$template$HiccupTag:Gu
reagent$impl$template$cache_get:zu
reagent$impl$template$cached_parse:Lu
reagent$impl$template$convert_custom_prop_value:Eu
reagent$impl$template$convert_prop_value:Bu
reagent$impl$template$custom_kv_conv:Du
reagent$impl$template$custom_prop_name_cache:Cu
reagent$impl$template$default_compiler:Tu
reagent$impl$template$expand_seq:Nu
reagent$impl$template$function_element:Iu
reagent$impl$template$kv_conv:Au
reagent$impl$template$make_element:Fu
reagent$impl$template$maybe_function_element:Ju
reagent$impl$template$native_element:Mu
reagent$impl$template$prop_name_cache:yu
reagent$impl$template$re_tag:xu
reagent$impl$template$reag_element:Hu
reagent$impl$template$t_reagent$0impl$0template8134:Su
reagent$impl$template$tag_name_cache:Ku
reagent$impl$template$vec_to_elem:Ou
reagent$impl$util$_STAR_always_update_STAR_:Qu
reagent$impl$util$capitalize:Xs
reagent$impl$util$class_names:at
reagent$impl$util$dash_to_prop_name:Ys
reagent$impl$util$dont_camel_case:Ws
reagent$impl$util$fun_name:Zs
reagent$impl$util$get_react_key:ct
reagent$impl$util$is_client:Vs
reagent$impl$util$named_QMARK_:$s
reagent$impl$util$react_key_from_vec:dt
reagent$ratom$RAtom:Gt
reagent$ratom$RCursor:Lt
reagent$ratom$Reaction:Rt
reagent$ratom$Track:Kt
reagent$ratom$_STAR_ratom_context_STAR_:yt
reagent$ratom$add_on_dispose_BANG_:Pt
reagent$ratom$add_w:Bt
reagent$ratom$atom:Ht
reagent$ratom$cached_reaction:It
reagent$ratom$deref_capture:zt
reagent$ratom$dispose_BANG_:Ot
reagent$ratom$flush_BANG_:Ut
reagent$ratom$handle_reaction_change:dd
reagent$ratom$make_reaction:Jt
reagent$ratom$notify_deref_watcher_BANG_:At
reagent$ratom$notify_w:Dt
reagent$ratom$pr_atom:Et
reagent$ratom$rea_queue:Ft
reagent$ratom$remove_w:Ct
reagent$ratom$run_in_reaction:Wt
reagent$ratom$temp_reaction:Vt
req$jscomp$inline_2273:HH
shadow$js$files:Ls
shadow$js$jsRequire:lt
shadow$js$nativeRequires:bt
shadow$js$requireStack:et
version$jscomp$inline_1446:Wv
