G__9706$jscomp$inline_3003:BG
G__9707$jscomp$inline_3004:CG
G__9708$jscomp$inline_3005:DG
JSCompiler_StaticMethods__peek:Kt
JSCompiler_StaticMethods__peek_at:Qt
JSCompiler_StaticMethods__run:Ot
JSCompiler_StaticMethods__set_opts:Rt
JSCompiler_StaticMethods__set_state:Lt
JSCompiler_StaticMethods_add_after_render:lt
JSCompiler_StaticMethods_assoc_BANG_:Mi
JSCompiler_StaticMethods_cleanUpTimeoutTimer_:Kx
JSCompiler_StaticMethods_cleanUpXhr_:Nx
JSCompiler_StaticMethods_cljs$core$IMultiFn$_get_method$arity$2:hk
JSCompiler_StaticMethods_cljs$core$ITransientVector$_assoc_n_BANG_$arity$3:Rh
JSCompiler_StaticMethods_createInstance:Ex
JSCompiler_StaticMethods_dispatchErrors_:Mx
JSCompiler_StaticMethods_div:Ja
JSCompiler_StaticMethods_equals:La
JSCompiler_StaticMethods_error_:Jx
JSCompiler_StaticMethods_findInternedVar:wk
JSCompiler_StaticMethods_fireListeners:Jv
JSCompiler_StaticMethods_flush_after_render:jt
JSCompiler_StaticMethods_getOptions:Ax
JSCompiler_StaticMethods_getProgId_:Bx
JSCompiler_StaticMethods_getReadyState:Px
JSCompiler_StaticMethods_isZero:Ka
JSCompiler_StaticMethods_markAsRemoved:qv
JSCompiler_StaticMethods_negate:Fa
JSCompiler_StaticMethods_onReadyStateChangeHelper_:Ox
JSCompiler_StaticMethods_re_frame$router$IEventQueue$_call_post_event_callbacks$arity$2:uw
JSCompiler_StaticMethods_re_frame$router$IEventQueue$_fsm_trigger$arity$3:qw
JSCompiler_StaticMethods_re_frame$router$IEventQueue$_pause$arity$2:tw
JSCompiler_StaticMethods_re_frame$router$IEventQueue$_process_1st_event_in_queue$arity$1:rw
JSCompiler_StaticMethods_re_frame$router$IEventQueue$_run_next_tick$arity$1:sw
JSCompiler_StaticMethods_re_frame$router$IEventQueue$_run_queue$arity$1:pw
JSCompiler_StaticMethods_removeByKey:tv
JSCompiler_StaticMethods_schedule:kt
JSCompiler_StaticMethods_sval:Kf
JSCompiler_StaticMethods_toNumber:Ia
JSCompiler_inline_result$jscomp$44:eb
JSCompiler_prototypeAlias:f
JSCompiler_temp$jscomp$496:iG
JSCompiler_temp$jscomp$497:jG
L 0:a
L 1:b
L 10:q
L 11:u
L 12:w
L 13:D
L 14:N
L 15:Q
L 16:S
L 17:X
L 18:Z
L 19:ba
L 2:c
L 20:ua
L 21:ia
L 22:v
L 23:E
L 24:H
L 25:K
L 26:M
L 27:P
L 28:O
L 29:R
L 3:d
L 30:U
L 31:Y
L 32:ca
L 33:da
L 34:ea
L 35:la
L 36:oa
L 37:ta
L 38:ya
L 39:Pa
L 4:e
L 40:Za
L 41:lb
L 42:Ib
L 43:Ac
L 44:$e
L 45:Le
L 46:Lr
L 5:g
L 6:h
L 7:k
L 8:m
L 9:n
ajax$formats$content_type_matches$cljs$0core$0IFn$0_invoke$0arity$01:vx
ajax$formats$detect_content_type$cljs$0core$0IFn$0_invoke$0arity$02:wx
ajax$formats$detect_response_format:rx
ajax$formats$detect_response_format_read$cljs$0core$0IFn$0_invoke$0arity$01:xx
ajax$formats$get_accept_entries$cljs$0core$0IFn$0_invoke$0arity$01:ux
ajax$formats$get_accept_entries$cljs$0core$0IFn$0_invoke$0arity$02:tx
ajax$formats$get_format$cljs$0core$0IFn$0_invoke$0arity$02:sx
ajax$interceptors$ApplyRequestFormat:lx
ajax$interceptors$DirectSubmission:ox
ajax$interceptors$ProcessUrlParameters:nx
ajax$interceptors$ResponseFormat:jx
ajax$interceptors$content_type_to_request_header:ix
ajax$interceptors$fail:hx
ajax$interceptors$get_response_format:qx
ajax$interceptors$map__GT_ResponseFormat:kx
ajax$interceptors$request_interceptors:px
ajax$interceptors$uri_with_params$cljs$0core$0IFn$0_invoke$0arity$01:mx
ajax$json$json_response_format:hG
ajax$protocols$_body:Vw
ajax$protocols$_get_response_header:Ww
ajax$protocols$_js_ajax_request:Sw
ajax$protocols$_process_request:Yw
ajax$protocols$_process_response:Zw
ajax$protocols$_status:Tw
ajax$protocols$_status_text:Uw
ajax$protocols$_was_aborted:Xw
ajax$simple$default_interceptors:Ux
ajax$simple$js_handler$cljs$0core$0IFn$0_invoke$0arity$02:Tx
ajax$simple$normalize_method:Rx
ajax$simple$normalize_request:Vx
ajax$simple$process_request:Wx
ajax$simple$process_response:Sx
ajax$simple$raw_ajax_request:Xx
ajax$url$key_encode:bx
ajax$url$key_value_pair_to_str:dx
ajax$url$param_to_key_value_pairs$cljs$0core$0IFn$0_invoke$0arity$02:gx
ajax$url$to_vec_key_transform:fx
ajax$url$value_encode:cx
ajax$url$vec_key_transform_fn$cljs$0core$0IFn$0_invoke$0arity$01:ex
ajax$util$successful_response_codes_set:ax
ajax$util$throw_error:$w
ajax$xml_http_request$xmlhttprequest:lG
arr$jscomp$inline_1420:bv
badgui$db$default_db:Qw
badgui$events$relevantdata:oG
badgui$events$temp:mG
badgui$events$xsplayed:nG
badgui$views$display_results:pG
badgui$views$hoverbox:qG
badgui$views$main_panel:Su
c__4679__auto___9705$jscomp$inline_3002:AG
cached_hierarchy__4750__auto__$jscomp$inline_2673:YA
cached_hierarchy__4750__auto__$jscomp$inline_2707:pB
cached_hierarchy__4750__auto__$jscomp$inline_2776:QB
cached_var_15570:OE
chunk__9546_9693$jscomp$inline_2995:tG
cljs:mb
cljs$analyzer:rB
cljs$analyzer$NUMERIC_SET:zE
cljs$analyzer$SENTINEL:eC
cljs$analyzer$_STAR_allow_ns_STAR_:tD
cljs$analyzer$_STAR_allow_redef_STAR_:sD
cljs$analyzer$_STAR_cljs_warning_handlers_STAR_:lC
cljs$analyzer$_STAR_cljs_warnings_STAR_:bC
cljs$analyzer$_STAR_loop_lets_STAR_:rD
cljs$analyzer$_STAR_passes_STAR_:$B
cljs$analyzer$_STAR_private_var_access_nowarn_STAR_:aC
cljs$analyzer$_STAR_recur_frames_STAR_:qD
cljs$analyzer$accumulating_warning_handler:uC
cljs$analyzer$add_types:UC
cljs$analyzer$alias__GT_type:VC
cljs$analyzer$all_values_QMARK_:HE
cljs$analyzer$analysis_error_QMARK_:BC
cljs$analyzer$analyze:CD
cljs$analyzer$analyze$cljs$0core$0IFn$0_invoke$0arity$02:BD
cljs$analyzer$analyze$cljs$0core$0IFn$0_invoke$0arity$03:PD
cljs$analyzer$analyze$cljs$0core$0IFn$0_invoke$0arity$04:UE
cljs$analyzer$analyze_STAR_:cF
cljs$analyzer$analyze_do_statements:WD
cljs$analyzer$analyze_do_statements_STAR_:VD
cljs$analyzer$analyze_dot:vE
cljs$analyzer$analyze_fn_method:RD
cljs$analyzer$analyze_fn_method_param:QD
cljs$analyzer$analyze_fn_methods_pass2_STAR_:TD
cljs$analyzer$analyze_form:$E
cljs$analyzer$analyze_js_star_STAR_:EE
cljs$analyzer$analyze_js_star_args:DE
cljs$analyzer$analyze_js_value:YE
cljs$analyzer$analyze_let:bE
cljs$analyzer$analyze_let_binding_init:XD
cljs$analyzer$analyze_let_bindings:$D
cljs$analyzer$analyze_let_bindings_STAR_:ZD
cljs$analyzer$analyze_let_body:aE
cljs$analyzer$analyze_list:TE
cljs$analyzer$analyze_map:VE
cljs$analyzer$analyze_seq:eE
cljs$analyzer$analyze_seq$cljs$0core$0IFn$0_invoke$0arity$03:dE
cljs$analyzer$analyze_seq$cljs$0core$0IFn$0_invoke$0arity$04:SE
cljs$analyzer$analyze_set:XE
cljs$analyzer$analyze_symbol:cE
cljs$analyzer$analyze_vector:WE
cljs$analyzer$analyze_wrap_meta:UD
cljs$analyzer$analyzed:FE
cljs$analyzer$analyzed_QMARK_:GE
cljs$analyzer$array_type_QMARK_:CE
cljs$analyzer$array_types:BE
cljs$analyzer$ast_children:LD
cljs$analyzer$basic_validate_ns_spec:gE
cljs$analyzer$build_dot_form:tE
cljs$analyzer$build_method_call:uE
cljs$analyzer$canonicalize_import_specs:mE
cljs$analyzer$canonicalize_specs:lE
cljs$analyzer$canonicalize_type:TC
cljs$analyzer$check_macro_arity:QE
cljs$analyzer$checked_arrays:cC
cljs$analyzer$classify_dot_form:sE
cljs$analyzer$compile_syntax_error:yC
cljs$analyzer$confirm_ns:PC
cljs$analyzer$confirm_var_exist_warning:DC
cljs$analyzer$confirm_var_exists:LC
cljs$analyzer$confirm_var_exists_throw:MC
cljs$analyzer$constant_value_QMARK_:MD
cljs$analyzer$core_name_QMARK_:QC
cljs$analyzer$core_ns_QMARK_:OD
cljs$analyzer$default_namespaces:oC
cljs$analyzer$default_passes:bF
cljs$analyzer$dep_has_global_exports_QMARK_:JC
cljs$analyzer$desugar_dotted_expr:LE
cljs$analyzer$desugar_ns_specs:nE
cljs$analyzer$do_macroexpand_check:PE
cljs$analyzer$dotted_symbol_QMARK_:aD
cljs$analyzer$earmuffed_QMARK_:ND
cljs$analyzer$error$cljs$0core$0IFn$0_invoke$0arity$02:zC
cljs$analyzer$error$cljs$0core$0IFn$0_invoke$0arity$03:AC
cljs$analyzer$error_data$cljs$0core$0IFn$0_invoke$0arity$02:wC
cljs$analyzer$error_data$cljs$0core$0IFn$0_invoke$0arity$03:xC
cljs$analyzer$error_message:jC
cljs$analyzer$extern_pre:hD
cljs$analyzer$find_def_clash:oE
cljs$analyzer$find_matching_method:uD
cljs$analyzer$fn_name_var:SD
cljs$analyzer$gen_constant_id:mC
cljs$analyzer$get_col:qC
cljs$analyzer$get_expander:EC
cljs$analyzer$get_expander_STAR_:NE
cljs$analyzer$get_expander_ns:ME
cljs$analyzer$get_js_tag:wE
cljs$analyzer$get_let_tag:YD
cljs$analyzer$get_line:pC
cljs$analyzer$gets$cljs$0core$0IFn$0_invoke$0arity$03:fC
cljs$analyzer$gets$cljs$0core$0IFn$0_invoke$0arity$04:gC
cljs$analyzer$gets$cljs$0core$0IFn$0_invoke$0arity$05:hC
cljs$analyzer$goog_module_dep_QMARK_:KC
cljs$analyzer$handle_symbol_local:lD
cljs$analyzer$has_extern_QMARK_$cljs$0core$0IFn$0_invoke$0arity$02:XC
cljs$analyzer$has_extern_QMARK__STAR_$cljs$0core$0IFn$0_invoke$0arity$03:WC
cljs$analyzer$impl$ANY_SYM:tB
cljs$analyzer$impl$BOOLEAN_OR_SEQ:uB
cljs$analyzer$impl$BOOLEAN_SYM:vB
cljs$analyzer$impl$CLJS_CORE_MACROS_SYM:wB
cljs$analyzer$impl$JS_STAR_SYM:xB
cljs$analyzer$impl$NEW_SYM:yB
cljs$analyzer$impl$NOT_NATIVE:zB
cljs$analyzer$impl$NUMBER_SYM:AB
cljs$analyzer$impl$STRING_SYM:BB
cljs$analyzer$impl$cljs_set_QMARK_:CB
cljs$analyzer$implicit_nses:CC
cljs$analyzer$infer_if:xD
cljs$analyzer$infer_tag:yD
cljs$analyzer$infer_type:aF
cljs$analyzer$invalid_arity_QMARK_:JE
cljs$analyzer$invoke_arg_type_validators:ZE
cljs$analyzer$invokeable_ns_QMARK_:jD
cljs$analyzer$js_module_exists_QMARK_:HC
cljs$analyzer$js_module_exists_QMARK__STAR_:GC
cljs$analyzer$js_reserved:dC
cljs$analyzer$js_star_interp:xE
cljs$analyzer$js_star_seg:yE
cljs$analyzer$js_tag$cljs$0core$0IFn$0_invoke$0arity$02:YC
cljs$analyzer$js_tag$cljs$0core$0IFn$0_invoke$0arity$03:ZC
cljs$analyzer$js_tag$cljs$0core$0IFn$0_invoke$0arity$04:$C
cljs$analyzer$js_tag_QMARK_:SC
cljs$analyzer$lib_AMPERSAND_sublib:FC
cljs$analyzer$macro_ns_name:pE
cljs$analyzer$macroexpand_1_STAR_:RE
cljs$analyzer$merge_ns_info:qE
cljs$analyzer$message:kC
cljs$analyzer$munge_global_export:dD
cljs$analyzer$munge_goog_module_lib$cljs$0core$0IFn$0_invoke$0arity$01:cD
cljs$analyzer$munge_node_lib:bD
cljs$analyzer$node_module_dep_QMARK_:IC
cljs$analyzer$ns__GT_module_type:fD
cljs$analyzer$ns__GT_relpath$cljs$0core$0IFn$0_invoke$0arity$02:iC
cljs$analyzer$numeric_type_QMARK_:AE
cljs$analyzer$parse:zD
cljs$analyzer$parse_import_spec:kE
cljs$analyzer$parse_invoke_STAR_:KE
cljs$analyzer$parse_ns_error_msg:fE
cljs$analyzer$parse_ns_excludes:hE
cljs$analyzer$parse_require_spec:jE
cljs$analyzer$parse_type:rE
cljs$analyzer$passes$and_or$__GT_expr_env:GB
cljs$analyzer$passes$and_or$remove_local_pass:KB
cljs$analyzer$passes$and_or$remove_loop_let:JB
cljs$analyzer$passes$and_or$simple_ops:FB
cljs$analyzer$passes$and_or$simple_test_binding_let_QMARK_:IB
cljs$analyzer$passes$and_or$simple_test_expr_QMARK_:HB
cljs$analyzer$passes$apply_passes$cljs$0core$0IFn$0_invoke$0arity$03:DB
cljs$analyzer$passes$walk$cljs$0core$0IFn$0_invoke$0arity$03:EB
cljs$analyzer$predicate__GT_tag:ED
cljs$analyzer$private_var_access_exceptions:iD
cljs$analyzer$public_name_QMARK_:RC
cljs$analyzer$record_with_field_QMARK_:IE
cljs$analyzer$register_constant_BANG_$cljs$0core$0IFn$0_invoke$0arity$02:nC
cljs$analyzer$replace_env_pass:KD
cljs$analyzer$replay_accumulated_warnings:vC
cljs$analyzer$resolve_STAR_:gD
cljs$analyzer$resolve_alias:eD
cljs$analyzer$resolve_existing_var:oD
cljs$analyzer$resolve_invokeable_ns:kD
cljs$analyzer$resolve_ns_alias$cljs$0core$0IFn$0_invoke$0arity$02:NC
cljs$analyzer$resolve_ns_alias$cljs$0core$0IFn$0_invoke$0arity$03:OC
cljs$analyzer$resolve_var$cljs$0core$0IFn$0_invoke$0arity$02:mD
cljs$analyzer$resolve_var$cljs$0core$0IFn$0_invoke$0arity$04:nD
cljs$analyzer$set_test_induced_tags:ID
cljs$analyzer$simple_predicate_induced_tag:FD
cljs$analyzer$source_info$cljs$0core$0IFn$0_invoke$0arity$01:rC
cljs$analyzer$source_info$cljs$0core$0IFn$0_invoke$0arity$02:sC
cljs$analyzer$specials:pD
cljs$analyzer$t_cljs$0analyzer12588:sB
cljs$analyzer$truth_induced_tag:HD
cljs$analyzer$type_QMARK_:vD
cljs$analyzer$type_check_induced_tag:GD
cljs$analyzer$unwrap_quote:wD
cljs$analyzer$use__GT_require:iE
cljs$analyzer$valid_proto:JD
cljs$analyzer$var_ast:DD
cljs$analyzer$var_meta$cljs$0core$0IFn$0_invoke$0arity$02:AD
cljs$analyzer$warning:tC
cljs$core:nb
cljs$core$ArrayChunk:Mf
cljs$core$ArrayNode:vi
cljs$core$ArrayNodeIterator:zi
cljs$core$ArrayNodeSeq:Gi
cljs$core$Atom:Gg
cljs$core$BitmapIndexedNode:ri
cljs$core$BitmapIndexedNode$EMPTY:ui
cljs$core$Box:ki
cljs$core$CHAR_MAP:Ob
cljs$core$ChunkBuffer:Lf
cljs$core$ChunkedCons:Of
cljs$core$ChunkedSeq:Kh
cljs$core$Cons:Af
cljs$core$DEMUNGE_MAP:Pb
cljs$core$DEMUNGE_PATTERN:Qb
cljs$core$Delay:Hj
cljs$core$ES6EntriesIterator:$h
cljs$core$ES6Iterator:Qd
cljs$core$ES6IteratorSeq:Sd
cljs$core$ES6SetEntriesIterator:ai
cljs$core$EmptyList:xf
cljs$core$ExceptionInfo:kk
cljs$core$Fn:Vb
cljs$core$HashCollisionNode:Di
cljs$core$HashMapIter:Ii
cljs$core$HashSetIter:Si
cljs$core$IAssociative:nc
cljs$core$ICollection:ac
cljs$core$IComparable:id
cljs$core$ICounted:Xb
cljs$core$IDeref:Dc
cljs$core$IEmptyableCollection:Zb
cljs$core$IEncodeClojure:Qj
cljs$core$IEncodeJS:Mj
cljs$core$IFind:qc
cljs$core$IFn:Wb
cljs$core$IIndexed:cc
cljs$core$IIndexed$_nth$dyn_7747:ec
cljs$core$IIterable:sd
cljs$core$IKVReduce:Kc
cljs$core$IList:Rc
cljs$core$ILookup:kc
cljs$core$ILookup$_lookup$dyn_7756:mc
cljs$core$IMap:sc
cljs$core$IMeta:Ec
cljs$core$INIT:tg
cljs$core$INext:ic
cljs$core$IPending:$c
cljs$core$IPrintWithWriter:Yc
cljs$core$IRecord:Sc
cljs$core$IReduce:Hc
cljs$core$IReduce$_reduce$dyn_7783:Jc
cljs$core$IReversible:Tc
cljs$core$ISeq:fc
cljs$core$ISeqable:Oc
cljs$core$ISequential:Qc
cljs$core$ISet:wc
cljs$core$ISorted:Vc
cljs$core$ISwap$_swap_BANG_$dyn_7884:rd
cljs$core$ITER_SYMBOL:Nb
cljs$core$IVector:Bc
cljs$core$IndexedSeq:Md
cljs$core$IndexedSeqIterator:me
cljs$core$IntegerRange:ej
cljs$core$IntegerRangeChunk:cj
cljs$core$KeySeq:Oi
cljs$core$Keyword:p
cljs$core$LazySeq:Jf
cljs$core$List:xe
cljs$core$List$EMPTY:Pd
cljs$core$MapEntry:af
cljs$core$MetaFn:De
cljs$core$MultiFn:gk
cljs$core$NS_CACHE:yk
cljs$core$Namespace:vk
cljs$core$NeverEquiv:Wh
cljs$core$NodeIterator:qi
cljs$core$NodeSeq:Ei
cljs$core$PROTOCOL_SENTINEL:pb
cljs$core$PersistentArrayMap:l
cljs$core$PersistentArrayMap$EMPTY:sg
cljs$core$PersistentArrayMap$HASHMAP_THRESHOLD:hi
cljs$core$PersistentArrayMap$createAsIfByAssoc:Ae
cljs$core$PersistentArrayMapIterator:di
cljs$core$PersistentArrayMapSeq:ci
cljs$core$PersistentHashMap:Ji
cljs$core$PersistentHashMap$EMPTY:ii
cljs$core$PersistentHashMap$fromArrays:Li
cljs$core$PersistentHashSet:Ti
cljs$core$PersistentHashSet$EMPTY:Vi
cljs$core$PersistentHashSet$createAsIfByAssoc:Wi
cljs$core$PersistentQueue:Uh
cljs$core$PersistentQueue$EMPTY:Vh
cljs$core$PersistentQueueIter:Sh
cljs$core$PersistentQueueSeq:Th
cljs$core$PersistentVector:V
cljs$core$PersistentVector$EMPTY:we
cljs$core$PersistentVector$EMPTY_NODE:W
cljs$core$PersistentVector$fromArray:Eh
cljs$core$RSeq:ne
cljs$core$Range:fj
cljs$core$RangeIterator:dj
cljs$core$RangedIterator:vh
cljs$core$RecordIter:Zh
cljs$core$Reduced:Yd
cljs$core$Repeat:Rg
cljs$core$START:ug
cljs$core$SeqIter:vg
cljs$core$StringBufferWriter:ud
cljs$core$Subvec:Mh
cljs$core$Symbol:y
cljs$core$TransientArrayMap:gi
cljs$core$TransientHashMap:Ki
cljs$core$TransientHashSet:Ui
cljs$core$TransientVector:zh
cljs$core$UUID:ik
cljs$core$ValSeq:Pi
cljs$core$Var:Jd
cljs$core$VectorNode:kh
cljs$core$Volatile:Kg
cljs$core$_EQ_:A
cljs$core$_EQ__EQ_:tf
cljs$core$_EQ__EQ_$cljs$0core$0IFn$0_invoke$0arity$02:uf
cljs$core$_PLUS_:nf
cljs$core$_STAR_out_STAR_:qb
cljs$core$_STAR_print_err_fn_STAR_:sb
cljs$core$_STAR_print_fn_STAR_:rb
cljs$core$_STAR_print_length_STAR_:vb
cljs$core$_STAR_print_level_STAR_:wb
cljs$core$_STAR_print_newline_STAR_:tb
cljs$core$_STAR_print_readably_STAR_:ub
cljs$core$__destructure_map:jg
cljs$core$_add_method:ek
cljs$core$_add_watch:bd
cljs$core$_as_transient:ed
cljs$core$_assoc:pc
cljs$core$_assoc_BANG_:hd
cljs$core$_assoc_n:Cc
cljs$core$_chunked_first:ld
cljs$core$_chunked_rest:md
cljs$core$_clj__GT_js:Nj
cljs$core$_compare:jd
cljs$core$_conj:bc
cljs$core$_conj_BANG_:fd
cljs$core$_contains_key_QMARK_:oc
cljs$core$_count:Yb
cljs$core$_deref:x
cljs$core$_disjoin:xc
cljs$core$_dissoc:tc
cljs$core$_drop_first:kd
cljs$core$_empty:$b
cljs$core$_equiv:Mc
cljs$core$_find:rc
cljs$core$_first:gc
cljs$core$_flush:Xc
cljs$core$_global_hierarchy:Vj
cljs$core$_hash:Nc
cljs$core$_indexOf$cljs$0core$0IFn$0_invoke$0arity$03:ie
cljs$core$_iterator:td
cljs$core$_js__GT_clj:Rj
cljs$core$_key:uc
cljs$core$_kv_reduce:Lc
cljs$core$_lastIndexOf$cljs$0core$0IFn$0_invoke$0arity$03:le
cljs$core$_lookup:lc
cljs$core$_meta:Fc
cljs$core$_name:nd
cljs$core$_namespace:od
cljs$core$_next:jc
cljs$core$_nth:dc
cljs$core$_peek:yc
cljs$core$_persistent_BANG_:gd
cljs$core$_pop:zc
cljs$core$_pr_writer:Zc
cljs$core$_realized_QMARK_:ad
cljs$core$_reduce:Ic
cljs$core$_remove_watch:dd
cljs$core$_reset_BANG_:pd
cljs$core$_rest:hc
cljs$core$_rseq:Uc
cljs$core$_seq:Pc
cljs$core$_swap_BANG_:qd
cljs$core$_val:vc
cljs$core$_with_meta:Gc
cljs$core$_write:Wc
cljs$core$aclone:Rb
cljs$core$any_QMARK_:Hb
cljs$core$apply:Kd
cljs$core$apply$cljs$0core$0IFn$0_invoke$0arity$02:eg
cljs$core$apply$cljs$0core$0IFn$0_invoke$0arity$03:fg
cljs$core$apply$cljs$0core$0IFn$0_invoke$0arity$04:gg
cljs$core$apply$cljs$0core$0IFn$0_invoke$0arity$05:hg
cljs$core$apply$cljs$0core$0IFn$0_invoke$0arity$0variadic:ig
cljs$core$apply_to:Zf
cljs$core$apply_to_simple$cljs$0core$0IFn$0_invoke$0arity$03:ag
cljs$core$apply_to_simple$cljs$0core$0IFn$0_invoke$0arity$04:bg
cljs$core$apply_to_simple$cljs$0core$0IFn$0_invoke$0arity$05:cg
cljs$core$apply_to_simple$cljs$0core$0IFn$0_invoke$0arity$06:dg
cljs$core$array_QMARK_:Eb
cljs$core$array__GT_transient_hash_map:ji
cljs$core$array_copy:Se
cljs$core$array_for:sh
cljs$core$array_index_of:bi
cljs$core$array_map:Ni
cljs$core$array_reduce$cljs$0core$0IFn$0_invoke$0arity$02:de
cljs$core$array_reduce$cljs$0core$0IFn$0_invoke$0arity$03:ee
cljs$core$array_reduce$cljs$0core$0IFn$0_invoke$0arity$04:fe
cljs$core$assoc:T
cljs$core$assoc_BANG_$cljs$0core$0IFn$0_invoke$0arity$03:Yf
cljs$core$assoc_in:hh
cljs$core$atom$cljs$0core$0IFn$0_invoke$0arity$01:Hg
cljs$core$bit_count:sf
cljs$core$boolean$0:Ve
cljs$core$bounded_count:Rf
cljs$core$build_subvec:Nh
cljs$core$butlast:Zi
cljs$core$cat:Kj
cljs$core$char$0:pf
cljs$core$char_escapes:rj
cljs$core$chunk_append:Qf
cljs$core$chunk_buffer:Nf
cljs$core$chunk_cons:Pf
cljs$core$chunked_seq:Dh
cljs$core$chunked_seq$cljs$0core$0IFn$0_invoke$0arity$04:Ch
cljs$core$chunked_seq$cljs$0core$0IFn$0_invoke$0arity$05:Lh
cljs$core$chunked_seq_QMARK_:Re
cljs$core$ci_reduce$cljs$0core$0IFn$0_invoke$0arity$02:be
cljs$core$ci_reduce$cljs$0core$0IFn$0_invoke$0arity$03:ce
cljs$core$clj__GT_js:Pj
cljs$core$clone_and_set$cljs$0core$0IFn$0_invoke$0arity$03:mi
cljs$core$coll_QMARK_:Je
cljs$core$comp:Bg
cljs$core$compare:bf
cljs$core$compare_indexed$cljs$0core$0IFn$0_invoke$0arity$02:cf
cljs$core$compare_keywords:Bf
cljs$core$compare_symbols:Hd
cljs$core$complement:Ag
cljs$core$concat:Tf
cljs$core$conj:ve
cljs$core$conj_BANG_:Xf
cljs$core$cons:pe
cljs$core$contains_QMARK_:Ye
cljs$core$count:G
cljs$core$counted_QMARK_:ge
cljs$core$create_array_node_seq:Bi
cljs$core$create_array_node_seq$cljs$0core$0IFn$0_invoke$0arity$01:Ai
cljs$core$create_array_node_seq$cljs$0core$0IFn$0_invoke$0arity$03:Hi
cljs$core$create_inode_seq:ti
cljs$core$create_inode_seq$cljs$0core$0IFn$0_invoke$0arity$01:si
cljs$core$create_inode_seq$cljs$0core$0IFn$0_invoke$0arity$03:Fi
cljs$core$create_node:xi
cljs$core$create_node$cljs$0core$0IFn$0_invoke$0arity$06:yi
cljs$core$create_node$cljs$0core$0IFn$0_invoke$0arity$07:wi
cljs$core$demunge:tk
cljs$core$demunge_pattern:rk
cljs$core$deref:ae
cljs$core$disj:He
cljs$core$dissoc:Be
cljs$core$distinct$cljs$0core$0IFn$0_invoke$0arity$01:Yi
cljs$core$do_assoc:th
cljs$core$doall$cljs$0core$0IFn$0_invoke$0arity$01:lj
cljs$core$dominates:ck
cljs$core$drop$cljs$0core$0IFn$0_invoke$0arity$02:Og
cljs$core$drop_last$cljs$0core$0IFn$0_invoke$0arity$02:Pg
cljs$core$drop_while$cljs$0core$0IFn$0_invoke$0arity$02:Qg
cljs$core$edit_and_set$cljs$0core$0IFn$0_invoke$0arity$04:oi
cljs$core$empty:ye
cljs$core$empty_QMARK_:Ie
cljs$core$empty_ordered_hash:Ud
cljs$core$empty_unordered_hash:Wd
cljs$core$enable_console_print_BANG_:Cb
cljs$core$equiv_map:Yh
cljs$core$equiv_sequential:oe
cljs$core$es6_iterator:Rd
cljs$core$es6_iterator_seq:Nd
cljs$core$even_QMARK_:zg
cljs$core$every_QMARK_:xg
cljs$core$every_pred$cljs$0core$0IFn$0_invoke$0arity$02:Lg
cljs$core$ex_data:nk
cljs$core$ex_info$cljs$0core$0IFn$0_invoke$0arity$02:lk
cljs$core$ex_info$cljs$0core$0IFn$0_invoke$0arity$03:mk
cljs$core$filter$cljs$0core$0IFn$0_invoke$0arity$01:Xg
cljs$core$filter$cljs$0core$0IFn$0_invoke$0arity$02:Zg
cljs$core$find:Ze
cljs$core$find_and_cache_best_method:dk
cljs$core$find_macros_ns:Ck
cljs$core$find_ns_obj:zk
cljs$core$first:C
cljs$core$flatten:bh
cljs$core$fn_QMARK_:Ce
cljs$core$fn__GT_comparator:df
cljs$core$fnil$cljs$0core$0IFn$0_invoke$0arity$02:Dg
cljs$core$frequencies:ij
cljs$core$gensym:Gj
cljs$core$gensym_counter:Fj
cljs$core$get:z
cljs$core$get_global_hierarchy:Wj
cljs$core$get_in$cljs$0core$0IFn$0_invoke$0arity$02:gh
cljs$core$hash:Dd
cljs$core$hash_collision_node_find_index:Ci
cljs$core$hash_map:kg
cljs$core$hash_ordered_coll:Td
cljs$core$hash_string:Cd
cljs$core$hash_symbol:Gd
cljs$core$hash_unordered_coll:Vd
cljs$core$ident_QMARK_:Gf
cljs$core$identity:lf
cljs$core$ifn_QMARK_:We
cljs$core$imul:wd
cljs$core$inc:Xd
cljs$core$indexed_QMARK_:he
cljs$core$inode_kv_reduce:pi
cljs$core$instance_QMARK_:Ed
cljs$core$integer_QMARK_:Xe
cljs$core$interleave:Vg
cljs$core$into:ch
cljs$core$into_array$cljs$0core$0IFn$0_invoke$0arity$02:Sb
cljs$core$isa_QMARK_$cljs$0core$0IFn$0_invoke$0arity$03:Yj
cljs$core$iter_reduce$cljs$0core$0IFn$0_invoke$0arity$02:gf
cljs$core$iter_reduce$cljs$0core$0IFn$0_invoke$0arity$03:hf
cljs$core$iterable_QMARK_:Ld
cljs$core$js__GT_clj$cljs$0core$0IFn$0_invoke$0arity$0variadic:Sj
cljs$core$js_reserved:pk
cljs$core$js_reserved_QMARK_:qk
cljs$core$js_reserved_arr:ok
cljs$core$juxt$cljs$0core$0IFn$0_invoke$0arity$02:kj
cljs$core$keep$cljs$0core$0IFn$0_invoke$0arity$02:Fg
cljs$core$key:Hh
cljs$core$key__GT_js$cljs$0core$0IFn$0_invoke$0arity$02:Oj
cljs$core$key_test:li
cljs$core$keys:ei
cljs$core$keyword:Hf
cljs$core$keyword_QMARK_:Cf
cljs$core$keyword_identical_QMARK_:Df
cljs$core$last:ue
cljs$core$lift_ns:Cj
cljs$core$linear_traversal_nth$cljs$0core$0IFn$0_invoke$0arity$03:ze
cljs$core$list:zf
cljs$core$list_QMARK_:wf
cljs$core$list_STAR_$cljs$0core$0IFn$0_invoke$0arity$02:Uf
cljs$core$list_STAR_$cljs$0core$0IFn$0_invoke$0arity$03:Vf
cljs$core$list_STAR_$cljs$0core$0IFn$0_invoke$0arity$04:Wf
cljs$core$lookup_sentinel:Te
cljs$core$m3_fmix:zd
cljs$core$m3_mix_H1:yd
cljs$core$m3_mix_K1:xd
cljs$core$map:Mg
cljs$core$map_QMARK_:Oe
cljs$core$map_entry_QMARK_:Gh
cljs$core$map_indexed$cljs$0core$0IFn$0_invoke$0arity$02:Eg
cljs$core$mapcat$cljs$0core$0IFn$0_invoke$0arity$0variadic:Wg
cljs$core$mapv$cljs$0core$0IFn$0_invoke$0arity$02:dh
cljs$core$mapv$cljs$0core$0IFn$0_invoke$0arity$03:eh
cljs$core$max:of
cljs$core$max_key:aj
cljs$core$memoize:Uj
cljs$core$merge:mg
cljs$core$merge_with:Qi
cljs$core$meta:Fe
cljs$core$missing_protocol:Lb
cljs$core$munge:sk
cljs$core$name:If
cljs$core$namespace:Ff
cljs$core$native_satisfies_QMARK_:Jb
cljs$core$never_equiv:Xh
cljs$core$new_path:oh
cljs$core$next:F
cljs$core$next_STAR_:$f
cljs$core$nil_QMARK_:Db
cljs$core$nil_iter:rg
cljs$core$not:Fb
cljs$core$not_EQ_$cljs$0core$0IFn$0_invoke$0arity$02:pg
cljs$core$not_empty:qg
cljs$core$ns_interns_STAR_:Ak
cljs$core$ns_lookup:uk
cljs$core$nth:ke
cljs$core$nth$cljs$0core$0IFn$0_invoke$0arity$02:je
cljs$core$nth$cljs$0core$0IFn$0_invoke$0arity$03:J
cljs$core$parents$cljs$0core$0IFn$0_invoke$0arity$01:Zj
cljs$core$partial:Cg
cljs$core$partition$cljs$0core$0IFn$0_invoke$0arity$03:fh
cljs$core$peek:Ge
cljs$core$pop_tail:uh
cljs$core$pr_opts:xb
cljs$core$pr_sequential_writer:oj
cljs$core$pr_str:zj
cljs$core$pr_str_STAR_:vd
cljs$core$pr_str_with_opts:yj
cljs$core$pr_writer:vj
cljs$core$pr_writer_impl:uj
cljs$core$prefers_STAR_:bk
cljs$core$preserving_reduced:Jj
cljs$core$prim_seq$cljs$0core$0IFn$0_invoke$0arity$02:I
cljs$core$print_map:wj
cljs$core$print_meta_QMARK_:tj
cljs$core$print_prefix_map:Dj
cljs$core$print_str:Aj
cljs$core$push_tail:ph
cljs$core$pv_clone_node:mh
cljs$core$pv_fresh_node:lh
cljs$core$pv_reduce$cljs$0core$0IFn$0_invoke$0arity$04:xh
cljs$core$pv_reduce$cljs$0core$0IFn$0_invoke$0arity$05:yh
cljs$core$quot:qf
cljs$core$quote_string:sj
cljs$core$random_uuid:jk
cljs$core$range$cljs$0core$0IFn$0_invoke$0arity$03:gj
cljs$core$ranged_iterator:wh
cljs$core$re_find:nj
cljs$core$re_matches:mj
cljs$core$record_QMARK_:Pe
cljs$core$reduce:Ub
cljs$core$reduce$cljs$0core$0IFn$0_invoke$0arity$02:jf
cljs$core$reduce$cljs$0core$0IFn$0_invoke$0arity$03:Tb
cljs$core$reduce_kv:kf
cljs$core$reduced:Zd
cljs$core$reduced_QMARK_:$d
cljs$core$reductions$cljs$0core$0IFn$0_invoke$0arity$03:jj
cljs$core$rem:rf
cljs$core$remove$cljs$0core$0IFn$0_invoke$0arity$02:$g
cljs$core$remove_pair:ni
cljs$core$repeat$cljs$0core$0IFn$0_invoke$0arity$01:Sg
cljs$core$repeat$cljs$0core$0IFn$0_invoke$0arity$02:Tg
cljs$core$repeatedly$cljs$0core$0IFn$0_invoke$0arity$01:Ug
cljs$core$reset_BANG_:Ig
cljs$core$reset_cache:ak
cljs$core$rest:Od
cljs$core$reverse:yf
cljs$core$run_BANG_:Lj
cljs$core$second:te
cljs$core$select_keys:Ri
cljs$core$seq:B
cljs$core$seq_QMARK_:Ue
cljs$core$seq_reduce:re
cljs$core$seq_reduce$cljs$0core$0IFn$0_invoke$0arity$02:qe
cljs$core$seq_reduce$cljs$0core$0IFn$0_invoke$0arity$03:se
cljs$core$sequence$cljs$0core$0IFn$0_invoke$0arity$01:wg
cljs$core$sequential_QMARK_:Me
cljs$core$set:Xi
cljs$core$set_QMARK_:Ke
cljs$core$some:yg
cljs$core$sort$cljs$0core$0IFn$0_invoke$0arity$02:ef
cljs$core$sorted_QMARK_:Ne
cljs$core$spread:Sf
cljs$core$str:t
cljs$core$string_QMARK_:Gb
cljs$core$string_hash_cache:Ad
cljs$core$string_hash_cache_count:Bd
cljs$core$string_print:qj
cljs$core$strip_ns:Bj
cljs$core$subs$cljs$0core$0IFn$0_invoke$0arity$03:vf
cljs$core$subvec:Oh
cljs$core$swap_BANG_:Jg
cljs$core$symbol:Id
cljs$core$symbol_QMARK_:Fd
cljs$core$symbol_identical_QMARK_:Ef
cljs$core$t_cljs$0core6545:ob
cljs$core$tail_off:nh
cljs$core$take:Ng
cljs$core$take_nth$cljs$0core$0IFn$0_invoke$0arity$02:hj
cljs$core$take_while$cljs$0core$0IFn$0_invoke$0arity$02:bj
cljs$core$throw_no_method_error:fk
cljs$core$to_array:ff
cljs$core$transduce$cljs$0core$0IFn$0_invoke$0arity$04:mf
cljs$core$tree_seq:ah
cljs$core$truth_:r
cljs$core$tv_editable_root:Ah
cljs$core$tv_editable_tail:Bh
cljs$core$tv_ensure_editable:Ph
cljs$core$tv_push_tail:Qh
cljs$core$type:Kb
cljs$core$type__GT_str:Mb
cljs$core$unchecked_array_for:rh
cljs$core$update:jh
cljs$core$update_in:ih
cljs$core$val:Ih
cljs$core$vals:fi
cljs$core$vary_meta$cljs$0core$0IFn$0_invoke$0arity$03:lg
cljs$core$vary_meta$cljs$0core$0IFn$0_invoke$0arity$04:ng
cljs$core$vary_meta$cljs$0core$0IFn$0_invoke$0arity$05:og
cljs$core$vec:Fh
cljs$core$vector:Jh
cljs$core$vector_QMARK_:Qe
cljs$core$vector_index_out_of_bounds:qh
cljs$core$with_meta:Ee
cljs$core$write_all$cljs$0core$0IFn$0_invoke$0arity$0variadic:pj
cljs$core$zipmap:$i
cljs$cst$keyword$_LT__DASH_:Wl
cljs$cst$keyword$aborted:hr
cljs$cst$keyword$add_DASH_event:qn
cljs$cst$keyword$after:Tm
cljs$cst$keyword$align:Wk
cljs$cst$keyword$alt_DASH_impl:xj
cljs$cst$keyword$amp:lq
cljs$cst$keyword$anonymous:co
cljs$cst$keyword$arg1:ir
cljs$cst$keyword$arg2:kr
cljs$cst$keyword$arglists:Vk
cljs$cst$keyword$arglists_DASH_meta:Rn
cljs$cst$keyword$args:Mq
cljs$cst$keyword$arity_DASH_1:Sq
cljs$cst$keyword$as:aq
cljs$cst$keyword$at:Vp
cljs$cst$keyword$auto_DASH_run:Yk
cljs$cst$keyword$badgui_DOT_events_SLASH_add_DASH_ongoing:vr
cljs$cst$keyword$badgui_DOT_events_SLASH_del_DASH_ongoing:dl
cljs$cst$keyword$badgui_DOT_events_SLASH_fetch_DASH_next:lm
cljs$cst$keyword$badgui_DOT_events_SLASH_msg_DASH_handler:Bp
cljs$cst$keyword$badgui_DOT_events_SLASH_update_DASH_name:Ep
cljs$cst$keyword$badgui_DOT_subs_SLASH_box:ls
cljs$cst$keyword$badgui_DOT_subs_SLASH_cursor:ks
cljs$cst$keyword$badgui_DOT_subs_SLASH_results:Wn
cljs$cst$keyword$base:Mn
cljs$cst$keyword$binding:Zm
cljs$cst$keyword$binding_DASH_form_QMARK_:uo
cljs$cst$keyword$bindings:Fl
cljs$cst$keyword$block:vs
cljs$cst$keyword$box:gq
cljs$cst$keyword$bs:Sp
cljs$cst$keyword$buffer:Vq
cljs$cst$keyword$buffer_DASH_level:Pr
cljs$cst$keyword$button:Uk
cljs$cst$keyword$case:Eo
cljs$cst$keyword$case_DASH_node:dn
cljs$cst$keyword$case_DASH_then:Do
cljs$cst$keyword$catch:qo
cljs$cst$keyword$childContextTypes:Bl
cljs$cst$keyword$circle:Jl
cljs$cst$keyword$clauses:Ip
cljs$cst$keyword$cljs:bo
cljs$cst$keyword$cljs_DOT_analyzer_SLASH_call:ip
cljs$cst$keyword$cljs_DOT_analyzer_SLASH_constants:hq
cljs$cst$keyword$cljs_DOT_analyzer_SLASH_expr:bq
cljs$cst$keyword$cljs_DOT_analyzer_SLASH_externs:bs
cljs$cst$keyword$cljs_DOT_analyzer_SLASH_numeric:Wo
cljs$cst$keyword$cljs_DOT_analyzer_SLASH_property:$l
cljs$cst$keyword$cljs_DOT_analyzer_SLASH_symbol:fs
cljs$cst$keyword$cljs_DOT_analyzer_SLASH_type:sn
cljs$cst$keyword$cljs_DOT_spec_DOT_alpha_SLASH_accept:zl
cljs$cst$keyword$cljs_DOT_spec_DOT_alpha_SLASH_alt:Hl
cljs$cst$keyword$cljs_DOT_spec_DOT_alpha_SLASH_amp:wl
cljs$cst$keyword$cljs_DOT_spec_DOT_alpha_SLASH_kvs_DASH__GT_map:il
cljs$cst$keyword$cljs_DOT_spec_DOT_alpha_SLASH_name:wn
cljs$cst$keyword$cljs_DOT_spec_DOT_alpha_SLASH_nil:Xl
cljs$cst$keyword$cljs_DOT_spec_DOT_alpha_SLASH_pcat:Zr
cljs$cst$keyword$cljs_DOT_spec_DOT_alpha_SLASH_rep:Kq
cljs$cst$keyword$cljs_DOT_spec_DOT_alpha_SLASH_unknown:cs
cljs$cst$keyword$cljs_DOT_spec_DOT_alpha_SLASH_v:nr
cljs$cst$keyword$clojure_DOT_error_SLASH_column:yo
cljs$cst$keyword$clojure_DOT_error_SLASH_phase:wq
cljs$cst$keyword$clojure_DOT_error_SLASH_symbol:Es
cljs$cst$keyword$code:Zo
cljs$cst$keyword$coeffects:jq
cljs$cst$keyword$cofx:Aq
cljs$cst$keyword$colnum:yq
cljs$cst$keyword$colon_DASH_up_DASH_arrow:Ao
cljs$cst$keyword$column:pr
cljs$cst$keyword$commachar:Hk
cljs$cst$keyword$componentWillUnmount:An
cljs$cst$keyword$const:am
cljs$cst$keyword$contextType:Gn
cljs$cst$keyword$count:Hp
cljs$cst$keyword$ctor:oq
cljs$cst$keyword$cur:er
cljs$cst$keyword$cursor:cq
cljs$cst$keyword$d:on
cljs$cst$keyword$day8_DOT_re_DASH_frame_DOT_debux_DOT_common_DOT_macro_DASH_specs_SLASH_arg_DASH_list:xm
cljs$cst$keyword$day8_DOT_re_DASH_frame_DOT_debux_DOT_common_DOT_macro_DASH_specs_SLASH_args_PLUS_body:Dl
cljs$cst$keyword$day8_DOT_re_DASH_frame_DOT_debux_DOT_common_DOT_macro_DASH_specs_SLASH_def_DASH_args:ql
cljs$cst$keyword$day8_DOT_re_DASH_frame_DOT_debux_DOT_common_DOT_macro_DASH_specs_SLASH_defn_DASH_args:ar
cljs$cst$keyword$day8_DOT_re_DASH_frame_DOT_debux_DOT_common_DOT_macro_DASH_specs_SLASH_fn_DASH_args:Zq
cljs$cst$keyword$day8_DOT_re_DASH_frame_DOT_debux_DOT_common_DOT_macro_DASH_specs_SLASH_name:Yr
cljs$cst$keyword$db:qr
cljs$cst$keyword$db_DASH_handler:Mo
cljs$cst$keyword$declared:To
cljs$cst$keyword$defs:cr
cljs$cst$keyword$deftype:Ar
cljs$cst$keyword$dep_DASH_path:Xr
cljs$cst$keyword$deprecated:fn
cljs$cst$keyword$deps:Dq
cljs$cst$keyword$descendants:Xj
cljs$cst$keyword$directive:kn
cljs$cst$keyword$dispatch:Xp
cljs$cst$keyword$dispatch_DASH_later:Lm
cljs$cst$keyword$display_DASH_name:$n
cljs$cst$keyword$div:Yn
cljs$cst$keyword$do:lr
cljs$cst$keyword$do_DASH_fx:Tn
cljs$cst$keyword$doc:ap
cljs$cst$keyword$docstring:Om
cljs$cst$keyword$dup:Ab
cljs$cst$keyword$dynamic:wp
cljs$cst$keyword$e:nn
cljs$cst$keyword$end_DASH_block_DASH_t:As
cljs$cst$keyword$end_DASH_column:hm
cljs$cst$keyword$end_DASH_line:ul
cljs$cst$keyword$event:Qn
cljs$cst$keyword$exponentchar:en
cljs$cst$keyword$export:tr
cljs$cst$keyword$expr:bp
cljs$cst$keyword$exprs:Uo
cljs$cst$keyword$extend_DASH_type_DASH_invalid_DASH_method_DASH_shape:Ol
cljs$cst$keyword$extending_DASH_base_DASH_js_DASH_type:Tq
cljs$cst$keyword$externs:Vm
cljs$cst$keyword$failure:Op
cljs$cst$keyword$fill:is
cljs$cst$keyword$finally:Tl
cljs$cst$keyword$finish_DASH_run:Im
cljs$cst$keyword$fixed_DASH_arity:to
cljs$cst$keyword$flag:fo
cljs$cst$keyword$flags:Fo
cljs$cst$keyword$fn_DASH_deprecated:br
cljs$cst$keyword$fn_DASH_method:Dp
cljs$cst$keyword$fn_DASH_self_DASH_name:zm
cljs$cst$keyword$fn_DASH_var:tm
cljs$cst$keyword$fname:Nr
cljs$cst$keyword$fns:Zn
cljs$cst$keyword$foreign:Yp
cljs$cst$keyword$forms:dr
cljs$cst$keyword$fsm_DASH_state:yl
cljs$cst$keyword$function_DASH_components:ln
cljs$cst$keyword$generator_DASH_fn:xr
cljs$cst$keyword$get:hl
cljs$cst$keyword$getDerivedStateFromError:up
cljs$cst$keyword$getInitialState:om
cljs$cst$keyword$global:cm
cljs$cst$keyword$global_DASH_goog_DASH_object_AMPERSAND_array:fp
cljs$cst$keyword$group:zo
cljs$cst$keyword$h3:Oq
cljs$cst$keyword$host_DASH_call:El
cljs$cst$keyword$http_DASH_no_DASH_on_DASH_failure:xn
cljs$cst$keyword$http_DASH_xhrio:sr
cljs$cst$keyword$include_DASH_macros:Xn
cljs$cst$keyword$indent_DASH_t:Nn
cljs$cst$keyword$inferred_DASH_ret_DASH_tag:Wq
cljs$cst$keyword$internal_DASH_ctor:Co
cljs$cst$keyword$intra_DASH_block_DASH_nl:hp
cljs$cst$keyword$invalid_DASH_arithmetic:Jn
cljs$cst$keyword$invalid_DASH_arity:Qk
cljs$cst$keyword$invalid_DASH_protocol_DASH_symbol:Oo
cljs$cst$keyword$invoke:gs
cljs$cst$keyword$items:Gl
cljs$cst$keyword$java:qq
cljs$cst$keyword$js:Or
cljs$cst$keyword$js_DASH_globals:Vn
cljs$cst$keyword$js_DASH_module_DASH_index:Zl
cljs$cst$keyword$js_DASH_object:Ql
cljs$cst$keyword$js_DASH_provide:go
cljs$cst$keyword$js_DASH_shadowed_DASH_by_DASH_local:al
cljs$cst$keyword$jsdoc:Lk
cljs$cst$keyword$keys:dp
cljs$cst$keyword$keywordize_DASH_keys:Tj
cljs$cst$keyword$keywords_QMARK_:po
cljs$cst$keyword$ks:vl
cljs$cst$keyword$last:gn
cljs$cst$keyword$last_DASH_error:Qm
cljs$cst$keyword$last_DASH_error_DASH_code:jo
cljs$cst$keyword$length:gm
cljs$cst$keyword$level:Pk
cljs$cst$keyword$lib:Gr
cljs$cst$keyword$line:Rk
cljs$cst$keyword$linear:Rl
cljs$cst$keyword$list:mr
cljs$cst$keyword$literal_QMARK_:jp
cljs$cst$keyword$locals:iq
cljs$cst$keyword$logical_DASH_block_DASH_callback:zr
cljs$cst$keyword$loop_DASH_lets:nm
cljs$cst$keyword$macro_DASH_syntax_DASH_check:$q
cljs$cst$keyword$macroexpansion:Kl
cljs$cst$keyword$macros:gr
cljs$cst$keyword$macros_DASH_ns:op
cljs$cst$keyword$mandatory:dm
cljs$cst$keyword$map:mp
cljs$cst$keyword$max:Ap
cljs$cst$keyword$max_DASH_columns:yp
cljs$cst$keyword$max_DASH_iterations:ds
cljs$cst$keyword$meta:zb
cljs$cst$keyword$method:ol
cljs$cst$keyword$methods:Qq
cljs$cst$keyword$min_DASH_remaining:Dk
cljs$cst$keyword$mincol:Qr
cljs$cst$keyword$minpad:km
cljs$cst$keyword$missing:us
cljs$cst$keyword$mode:xp
cljs$cst$keyword$module:Mr
cljs$cst$keyword$module_DASH_type:wm
cljs$cst$keyword$multiple_DASH_variadic_DASH_overloads:Br
cljs$cst$keyword$mutable:Pm
cljs$cst$keyword$n:En
cljs$cst$keyword$name:dq
cljs$cst$keyword$nil:Pq
cljs$cst$keyword$no_DASH_cache:Fm
cljs$cst$keyword$no_DASH_such_DASH_method:Xq
cljs$cst$keyword$node:ep
cljs$cst$keyword$nodejs:Fn
cljs$cst$keyword$not_DASH_delivered:rm
cljs$cst$keyword$ns:xk
cljs$cst$keyword$ns_STAR_:pp
cljs$cst$keyword$num_DASH_fields:Bn
cljs$cst$keyword$object:Bs
cljs$cst$keyword$offset:Fk
cljs$cst$keyword$on_DASH_click:Vl
cljs$cst$keyword$on_DASH_dispose:gl
cljs$cst$keyword$on_DASH_error:Il
cljs$cst$keyword$on_DASH_failure:Zk
cljs$cst$keyword$on_DASH_message:rn
cljs$cst$keyword$on_DASH_request:Lq
cljs$cst$keyword$on_DASH_success:cn
cljs$cst$keyword$on_DASH_write:or
cljs$cst$keyword$only:nl
cljs$cst$keyword$options:tq
cljs$cst$keyword$original_DASH_event:ys
cljs$cst$keyword$original_DASH_text:Xk
cljs$cst$keyword$overload_DASH_arity:el
cljs$cst$keyword$p:Cn
cljs$cst$keyword$p2:Ok
cljs$cst$keyword$padchar:Cq
cljs$cst$keyword$params:zs
cljs$cst$keyword$parse_DASH_error:Gm
cljs$cst$keyword$parse_DASH_tag:Ho
cljs$cst$keyword$per_DASH_line_DASH_prefix:jl
cljs$cst$keyword$preamble_DASH_missing:sm
cljs$cst$keyword$prepost:Pn
cljs$cst$keyword$prepost_PLUS_body:Kr
cljs$cst$keyword$preprocess:Hr
cljs$cst$keyword$print_DASH_length:Bb
cljs$cst$keyword$private_DASH_var_DASH_access:Bq
cljs$cst$keyword$progress_DASH_handler:ps
cljs$cst$keyword$protocol:Rr
cljs$cst$keyword$protocol_DASH_deprecated:Eq
cljs$cst$keyword$protocol_DASH_duped_DASH_method:xq
cljs$cst$keyword$protocol_DASH_impl:qm
cljs$cst$keyword$protocol_DASH_info:js
cljs$cst$keyword$protocol_DASH_inline:xs
cljs$cst$keyword$protocol_DASH_invalid_DASH_method:Gq
cljs$cst$keyword$protocol_DASH_multiple_DASH_impls:Vr
cljs$cst$keyword$protocol_DASH_symbol:tp
cljs$cst$keyword$protocol_DASH_with_DASH_overwriting_DASH_method:Io
cljs$cst$keyword$ps:pm
cljs$cst$keyword$queue:kq
cljs$cst$keyword$quoted_QMARK_:xo
cljs$cst$keyword$radix:rs
cljs$cst$keyword$raw:Mm
cljs$cst$keyword$read:qp
cljs$cst$keyword$readably:yb
cljs$cst$keyword$ready:Ij
cljs$cst$keyword$redef:uq
cljs$cst$keyword$refer_DASH_clojure:Iq
cljs$cst$keyword$reload:Tk
cljs$cst$keyword$reload_DASH_all:Fr
cljs$cst$keyword$reloads:Wm
cljs$cst$keyword$rename:Qp
cljs$cst$keyword$rename_DASH_macros:so
cljs$cst$keyword$renames:cl
cljs$cst$keyword$request_DASH_received:sq
cljs$cst$keyword$require_DASH_macros:Er
cljs$cst$keyword$response_DASH_format:Ds
cljs$cst$keyword$response_DASH_ready:qs
cljs$cst$keyword$result:lo
cljs$cst$keyword$ret_DASH_tag:sl
cljs$cst$keyword$right_DASH_bracket:fq
cljs$cst$keyword$running:Np
cljs$cst$keyword$scheduled:In
cljs$cst$keyword$selector:pq
cljs$cst$keyword$set:pn
cljs$cst$keyword$shadow:Fq
cljs$cst$keyword$shouldComponentUpdate:hs
cljs$cst$keyword$splice:Wp
cljs$cst$keyword$start_DASH_col:Pp
cljs$cst$keyword$start_DASH_pos:ho
cljs$cst$keyword$statements:Ek
cljs$cst$keyword$strable:yn
cljs$cst$keyword$stream:os
cljs$cst$keyword$suffix:Nq
cljs$cst$keyword$suppress_DASH_namespaces:Rp
cljs$cst$keyword$tags:vm
cljs$cst$keyword$target:bm
cljs$cst$keyword$td:Dn
cljs$cst$keyword$td_DOT_listr:$m
cljs$cst$keyword$test:fm
cljs$cst$keyword$the_DASH_var:Cm
cljs$cst$keyword$then:mq
cljs$cst$keyword$total:yr
cljs$cst$keyword$tr_DOT_b:Yq
cljs$cst$keyword$trailing_DASH_white_DASH_space:Un
cljs$cst$keyword$trigger:bn
cljs$cst$keyword$try:Zp
cljs$cst$keyword$type:No
cljs$cst$keyword$types:Nl
cljs$cst$keyword$unchecked:ml
cljs$cst$keyword$undeclared_DASH_protocol_DASH_symbol:xl
cljs$cst$keyword$unsupported_DASH_js_DASH_module_DASH_type:np
cljs$cst$keyword$unsupported_DASH_preprocess_DASH_value:$r
cljs$cst$keyword$up_DASH_arrow:ur
cljs$cst$keyword$uses:Al
cljs$cst$keyword$val:Ej
cljs$cst$keyword$vals:Tr
cljs$cst$keyword$var_DASH_ast:rl
cljs$cst$keyword$variadic_QMARK_:Yg
cljs$cst$keyword$vec_DASH_strategy:Vo
cljs$cst$keyword$vector:oo
cljs$cst$keyword$volatile_DASH_mutable:Kp
cljs$cst$keyword$w:tn
cljs$cst$keyword$warning_DASH_type:Gp
cljs$cst$keyword$websocket_DASH_success:Lo
cljs$cst$keyword$yield:as
cljs$cst$symbol$Boolean:Jp
cljs$cst$symbol$Math:Fp
cljs$cst$symbol$Object:Lp
cljs$cst$symbol$Symbol:Gk
cljs$cst$symbol$_AMPERSAND_form:So
cljs$cst$symbol$_DOT_:Tp
cljs$cst$symbol$_DOT__DASH_cljs$lang$test:um
cljs$cst$symbol$_STAR_unchecked_DASH_if_STAR_:Kn
cljs$cst$symbol$_STAR_warn_DASH_on_DASH_infer_STAR_:Cl
cljs$cst$symbol$aget:Wr
cljs$cst$symbol$aset:Pl
cljs$cst$symbol$chars:Rm
cljs$cst$symbol$checked_DASH_aget:Mp
cljs$cst$symbol$checked_DASH_aget_SINGLEQUOTE_:ts
cljs$cst$symbol$checked_DASH_aset:Hn
cljs$cst$symbol$clj:Ik
cljs$cst$symbol$clj_DASH_nil:Po
cljs$cst$symbol$cljs_DOT_core:Kk
cljs$cst$symbol$cljs_DOT_core_DOT_PersistentQueue_DOT_EMPTY:vq
cljs$cst$symbol$cljs_DOT_core_SLASH_IList:Ko
cljs$cst$symbol$cljs_DOT_core_SLASH_IMap:ko
cljs$cst$symbol$cljs_DOT_core_SLASH_IMapEntry:zn
cljs$cst$symbol$cljs_DOT_core_SLASH_IRecord:sp
cljs$cst$symbol$cljs_DOT_core_SLASH_ISeqable:Ln
cljs$cst$symbol$cljs_DOT_core_SLASH_ISet:em
cljs$cst$symbol$cljs_DOT_core_SLASH_IVector:ym
cljs$cst$symbol$cljs_DOT_core_SLASH_Inst:ms
cljs$cst$symbol$cljs_DOT_core_SLASH_List:Yo
cljs$cst$symbol$cljs_DOT_core_SLASH_Reduced:Dr
cljs$cst$symbol$cljs_DOT_core_SLASH_Symbol:Xm
cljs$cst$symbol$cljs_DOT_core_SLASH_Var:Mk
cljs$cst$symbol$cljs_DOT_core_SLASH_boolean_QMARK_:kp
cljs$cst$symbol$cljs_DOT_core_SLASH_char_QMARK_:zp
cljs$cst$symbol$cljs_DOT_core_SLASH_checked_DASH_aget:ns
cljs$cst$symbol$cljs_DOT_core_SLASH_checked_DASH_aget_SINGLEQUOTE_:kl
cljs$cst$symbol$cljs_DOT_core_SLASH_checked_DASH_aset_SINGLEQUOTE_:Dm
cljs$cst$symbol$cljs_DOT_core_SLASH_cond:Hm
cljs$cst$symbol$cljs_DOT_core_SLASH_delay_QMARK_:Km
cljs$cst$symbol$cljs_DOT_core_SLASH_deref:Ul
cljs$cst$symbol$cljs_DOT_core_SLASH_double_QMARK_:Jq
cljs$cst$symbol$cljs_DOT_core_SLASH_ident_QMARK_:rp
cljs$cst$symbol$cljs_DOT_core_SLASH_identity:rq
cljs$cst$symbol$cljs_DOT_core_SLASH_inst_QMARK_:vo
cljs$cst$symbol$cljs_DOT_core_SLASH_instance_QMARK_:cp
cljs$cst$symbol$cljs_DOT_core_SLASH_integer_QMARK_:Sk
cljs$cst$symbol$cljs_DOT_core_SLASH_into:es
cljs$cst$symbol$cljs_DOT_core_SLASH_keyword_QMARK_:Xo
cljs$cst$symbol$cljs_DOT_core_SLASH_lift_DASH_ns:mn
cljs$cst$symbol$cljs_DOT_core_SLASH_map_DASH_entry_QMARK_:$k
cljs$cst$symbol$cljs_DOT_core_SLASH_nil_QMARK_:Cr
cljs$cst$symbol$cljs_DOT_core_SLASH_ns_DASH_special_DASH_form:Sn
cljs$cst$symbol$cljs_DOT_core_SLASH_qualified_DASH_symbol_QMARK_:Cp
cljs$cst$symbol$cljs_DOT_core_SLASH_record_QMARK_:vn
cljs$cst$symbol$cljs_DOT_core_SLASH_sequential_QMARK_:Jr
cljs$cst$symbol$cljs_DOT_core_SLASH_simple_DASH_ident_QMARK_:ll
cljs$cst$symbol$cljs_DOT_core_SLASH_simple_DASH_keyword_QMARK_:eo
cljs$cst$symbol$cljs_DOT_core_SLASH_symbol_QMARK_:gp
cljs$cst$symbol$cljs_DOT_core_SLASH_unquote:Am
cljs$cst$symbol$cljs_DOT_core_SLASH_var_QMARK_:Em
cljs$cst$symbol$cljs_DOT_core_SLASH_when:Ll
cljs$cst$symbol$cljs_DOT_reader:io
cljs$cst$symbol$cljs_DOT_reader_SLASH_read_DASH_date:im
cljs$cst$symbol$cljs_DOT_repl:jm
cljs$cst$symbol$cljs_DOT_spec_DOT_alpha:Bk
cljs$cst$symbol$cljs_DOT_spec_DOT_alpha_SLASH__PLUS_:wr
cljs$cst$symbol$cljs_DOT_spec_DOT_alpha_SLASH__QMARK_:Ir
cljs$cst$symbol$cljs_DOT_spec_DOT_alpha_SLASH_conformer:Qo
cljs$cst$symbol$cljs_DOT_user:Jk
cljs$cst$symbol$clojure_DOT_core_SLASH_deref:zq
cljs$cst$symbol$clojure_DOT_core_SLASH_unquote:wo
cljs$cst$symbol$cond:lp
cljs$cst$symbol$condp:Ur
cljs$cst$symbol$day8_DOT_re_DASH_frame_DOT_debux_DOT_common_DOT_macro_DASH_specs_SLASH_arg_DASH_list_DASH_unformer:mo
cljs$cst$symbol$day8_DOT_re_DASH_frame_DOT_debux_DOT_common_DOT_macro_DASH_specs_SLASH_name_DASH_unformer:fl
cljs$cst$symbol$day8_DOT_re_DASH_frame_DOT_debux_DOT_common_DOT_macro_DASH_specs_SLASH_skip:Hq
cljs$cst$symbol$def:fr
cljs$cst$symbol$defmacro:ws
cljs$cst$symbol$defn_DASH_:Rq
cljs$cst$symbol$deftype_STAR_:ss
cljs$cst$symbol$do:Yl
cljs$cst$symbol$doseq:Jo
cljs$cst$symbol$floats:tl
cljs$cst$symbol$fn:un
cljs$cst$symbol$goog_DOT_object:Bo
cljs$cst$symbol$if:Ym
cljs$cst$symbol$if_DASH_let:Sr
cljs$cst$symbol$ignore:Ml
cljs$cst$symbol$js_SLASH_Boolean:eq
cljs$cst$symbol$js_SLASH_Object:Sl
cljs$cst$symbol$js_SLASH_RegExp:Sm
cljs$cst$symbol$let:Nm
cljs$cst$symbol$let_STAR_:no
cljs$cst$symbol$lift_DASH_ns:On
cljs$cst$symbol$locking:jn
cljs$cst$symbol$long:$p
cljs$cst$symbol$loop:nq
cljs$cst$symbol$loop_STAR_:an
cljs$cst$symbol$macroexpand_DASH_check:rr
cljs$cst$symbol$ns:ao
cljs$cst$symbol$ns_STAR_:bl
cljs$cst$symbol$p1__14356_SHARP_:Uq
cljs$cst$symbol$prototype:Um
cljs$cst$symbol$quote:hn
cljs$cst$symbol$read_DASH_date:Cs
cljs$cst$symbol$recur:Go
cljs$cst$symbol$set_BANG_:Up
cljs$cst$symbol$shorts:Nk
cljs$cst$symbol$struct:pl
cljs$cst$symbol$symbol:jr
cljs$cst$symbol$throw:Jm
cljs$cst$symbol$v:Ro
cljs$cst$symbol$var:$o
cljs$cst$symbol$when:vp
cljs$cst$symbol$when_DASH_first:ro
cljs$cst$symbol$with_DASH_local_DASH_vars:Bm
cljs$cst$symbol$with_DASH_open:mm
cljs$pprint:ay
cljs$pprint$_STAR_code_table_STAR_:kB
cljs$pprint$_STAR_current_length_STAR_:ez
cljs$pprint$_STAR_current_level_STAR_:dz
cljs$pprint$_STAR_format_str_STAR_:rz
cljs$pprint$_STAR_print_base_STAR_:cz
cljs$pprint$_STAR_print_circle_STAR_:$y
cljs$pprint$_STAR_print_lines_STAR_:Zy
cljs$pprint$_STAR_print_miser_width_STAR_:Uy
cljs$pprint$_STAR_print_pprint_dispatch_STAR_:Yy
cljs$pprint$_STAR_print_pretty_STAR_:Xy
cljs$pprint$_STAR_print_radix_STAR_:bz
cljs$pprint$_STAR_print_right_margin_STAR_:Ty
cljs$pprint$_STAR_print_suppress_namespaces_STAR_:az
cljs$pprint$_STAR_symbol_map_STAR_:jB
cljs$pprint$_ppflush:py
cljs$pprint$abort_QMARK_:Vz
cljs$pprint$absolute_reposition:wz
cljs$pprint$add_english_scales:Nz
cljs$pprint$add_to_buffer:Py
cljs$pprint$ancestor_QMARK_:vy
cljs$pprint$arg_navigator:tz
cljs$pprint$base_str:Dz
cljs$pprint$boolean_conditional:fA
cljs$pprint$brackets:$A
cljs$pprint$buffer_blob:wy
cljs$pprint$c_write_char:sy
cljs$pprint$cached_compile:KA
cljs$pprint$capitalize_string:qA
cljs$pprint$capitalize_word_writer:rA
cljs$pprint$char_code:ky
cljs$pprint$check_arg_conditional:gA
cljs$pprint$check_enumerated_arg:iz
cljs$pprint$check_flags:CA
cljs$pprint$choice_conditional:eA
cljs$pprint$cl_format$cljs$0core$0IFn$0_invoke$0arity$0variadic:mz
cljs$pprint$code_dispatch:lB
cljs$pprint$collect_clauses:HA
cljs$pprint$column_writer$cljs$0core$0IFn$0_invoke$0arity$02:ty
cljs$pprint$compile_directive:EA
cljs$pprint$compile_format:nz
cljs$pprint$compile_raw_string:FA
cljs$pprint$compiled_directive:yz
cljs$pprint$conditional_newline:uA
cljs$pprint$consume:my
cljs$pprint$directive_table:vA
cljs$pprint$dollar_float:dA
cljs$pprint$downcase_writer:oA
cljs$pprint$emit_nl:Ey
cljs$pprint$emit_nl_QMARK_:Jy
cljs$pprint$end_block:Wy
cljs$pprint$end_block_t:By
cljs$pprint$english_cardinal_tens:Jz
cljs$pprint$english_cardinal_units:Hz
cljs$pprint$english_ordinal_tens:Kz
cljs$pprint$english_ordinal_units:Iz
cljs$pprint$english_scale_numbers:Lz
cljs$pprint$execute_format$cljs$0core$0IFn$0_invoke$0arity$02:qz
cljs$pprint$execute_sub_format:Wz
cljs$pprint$exponential_float:bA
cljs$pprint$extract_flags:BA
cljs$pprint$extract_param:yA
cljs$pprint$fixed_float:aA
cljs$pprint$flag_defs:AA
cljs$pprint$float_parts:Xz
cljs$pprint$format_ascii:Cz
cljs$pprint$format_error:sz
cljs$pprint$format_integer:Gz
cljs$pprint$format_roman:Qz
cljs$pprint$format_simple_cardinal:Mz
cljs$pprint$general_float:cA
cljs$pprint$get_field:qy
cljs$pprint$get_fixed:Zz
cljs$pprint$get_format_arg:vz
cljs$pprint$get_section:Ky
cljs$pprint$get_sub_section:Ly
cljs$pprint$group_by_STAR_:Fz
cljs$pprint$indent_t:Cy
cljs$pprint$init_cap_writer:sA
cljs$pprint$init_navigator:oz
cljs$pprint$insert_scaled_decimal:$z
cljs$pprint$iterate_list_of_sublists:iA
cljs$pprint$iterate_main_list:jA
cljs$pprint$iterate_main_sublists:kA
cljs$pprint$iterate_sublist:hA
cljs$pprint$justify_clauses:mA
cljs$pprint$level_exceeded:jz
cljs$pprint$linear_nl_QMARK_:Hy
cljs$pprint$logical_block:uy
cljs$pprint$logical_block_or_justify:lA
cljs$pprint$make_buffer_blob:xy
cljs$pprint$map_params:DA
cljs$pprint$map_passing_context:ly
cljs$pprint$miser_nl_QMARK_:Iy
cljs$pprint$multi_defn:dB
cljs$pprint$needs_pretty:pz
cljs$pprint$new_roman_table:Pz
cljs$pprint$next_arg:uz
cljs$pprint$nl_t:yy
cljs$pprint$nl_t_QMARK_:zy
cljs$pprint$old_roman_table:Oz
cljs$pprint$param_pattern:wA
cljs$pprint$plain_character:Uz
cljs$pprint$pprint_binding_form:gB
cljs$pprint$pprint_defn:eB
cljs$pprint$pprint_hold_first:bB
cljs$pprint$pprint_if:iB
cljs$pprint$pprint_indent:lz
cljs$pprint$pprint_let:hB
cljs$pprint$pprint_map:OA
cljs$pprint$pprint_newline:kz
cljs$pprint$pprint_ns_reference:aB
cljs$pprint$pprint_pqueue:SA
cljs$pprint$pprint_reader_macro:MA
cljs$pprint$pprint_set:QA
cljs$pprint$pprint_simple_code_list:fB
cljs$pprint$pprint_simple_default:PA
cljs$pprint$pprint_vector:NA
cljs$pprint$pr:iy
cljs$pprint$pretty_character:Sz
cljs$pprint$pretty_writer:Sy
cljs$pprint$pretty_writer_QMARK_:fz
cljs$pprint$print:hy
cljs$pprint$prn:jy
cljs$pprint$process_bracket:GA
cljs$pprint$process_clause:IA
cljs$pprint$process_nesting:JA
cljs$pprint$readable_character:Tz
cljs$pprint$reader_macros:LA
cljs$pprint$realize_parameter:zz
cljs$pprint$realize_parameter_list:Az
cljs$pprint$relative_reposition:xz
cljs$pprint$remainders:Ez
cljs$pprint$render_clauses:nA
cljs$pprint$round_str:Yz
cljs$pprint$set_field:ry
cljs$pprint$set_indent:tA
cljs$pprint$simple_dispatch:UA
cljs$pprint$single_defn:cB
cljs$pprint$special_chars:Rz
cljs$pprint$special_params:xA
cljs$pprint$special_radix_markers:Bz
cljs$pprint$split_at_newline:My
cljs$pprint$start_block:Vy
cljs$pprint$start_block_t:Ay
cljs$pprint$t_cljs$0pprint10943:by
cljs$pprint$t_cljs$0pprint11336:cy
cljs$pprint$t_cljs$0pprint11784:dy
cljs$pprint$t_cljs$0pprint11797:ey
cljs$pprint$t_cljs$0pprint11806:fy
cljs$pprint$t_cljs$0pprint11812:gy
cljs$pprint$tokens_fit_QMARK_:Gy
cljs$pprint$translate_param:zA
cljs$pprint$tuple_map:oy
cljs$pprint$type_dispatcher:TA
cljs$pprint$type_map:RA
cljs$pprint$unzip_map:ny
cljs$pprint$upcase_writer:pA
cljs$pprint$write:hz
cljs$pprint$write_initial_lines:Ry
cljs$pprint$write_line:Oy
cljs$pprint$write_out:gz
cljs$pprint$write_token:Dy
cljs$pprint$write_token_string:Ny
cljs$pprint$write_tokens:Fy
cljs$pprint$write_white_space:Qy
cljs$reader$check:VB
cljs$reader$days_in_month:SB
cljs$reader$parse_and_validate_timestamp:WB
cljs$reader$parse_int:UB
cljs$reader$read_date:XB
cljs$reader$timestamp_regex:TB
cljs$spec:dF
cljs$spec$alpha:eF
cljs$spec$alpha$Specize$specize_STAR_$dyn_14518:wF
cljs$spec$alpha$accept:GF
cljs$spec$alpha$accept_QMARK_:HF
cljs$spec$alpha$accept_nil_QMARK_:SF
cljs$spec$alpha$add_ret:UF
cljs$spec$alpha$alt2:PF
cljs$spec$alpha$alt_STAR_:OF
cljs$spec$alpha$alt_impl:QF
cljs$spec$alpha$and_preds:EF
cljs$spec$alpha$and_spec_impl:FF
cljs$spec$alpha$cat_impl:JF
cljs$spec$alpha$conform_STAR_:iF
cljs$spec$alpha$def_impl:BF
cljs$spec$alpha$deriv:VF
cljs$spec$alpha$dt$cljs$0core$0IFn$0_invoke$0arity$04:CF
cljs$spec$alpha$filter_alt:NF
cljs$spec$alpha$fn_sym:uF
cljs$spec$alpha$invalid_QMARK_:zF
cljs$spec$alpha$maybe_impl:RF
cljs$spec$alpha$maybe_spec:rF
cljs$spec$alpha$pcat_STAR_:IF
cljs$spec$alpha$preturn:TF
cljs$spec$alpha$re_conform:WF
cljs$spec$alpha$reg_resolve:lF
cljs$spec$alpha$reg_resolve_BANG_:mF
cljs$spec$alpha$regex_QMARK_:oF
cljs$spec$alpha$regex_spec_impl:sF
cljs$spec$alpha$registry_ref:kF
cljs$spec$alpha$rep_PLUS_impl:MF
cljs$spec$alpha$rep_STAR_:KF
cljs$spec$alpha$rep_impl:LF
cljs$spec$alpha$spec_QMARK_:nF
cljs$spec$alpha$spec_impl$cljs$0core$0IFn$0_invoke$0arity$04:xF
cljs$spec$alpha$spec_impl$cljs$0core$0IFn$0_invoke$0arity$05:DF
cljs$spec$alpha$spec_name:qF
cljs$spec$alpha$specize:yF
cljs$spec$alpha$specize_STAR_:vF
cljs$spec$alpha$t_cljs$0spec$0alpha13647:fF
cljs$spec$alpha$t_cljs$0spec$0alpha13823:gF
cljs$spec$alpha$t_cljs$0spec$0alpha14295:hF
cljs$spec$alpha$the_spec:tF
cljs$spec$alpha$with_gen:AF
cljs$spec$alpha$with_gen_STAR_:jF
cljs$spec$alpha$with_name:pF
cljs$tagged_literals$JSValue:ZB
cljs$tagged_literals$valid_js_literal_key_QMARK_:YB
cljs$tools$reader$impl$inspect$inspect_STAR_:MB
cljs$tools$reader$impl$inspect$inspect_STAR__col:LB
clojure$data$atom_diff:Bw
clojure$data$diff:Ew
clojure$data$diff_associative:Fw
clojure$data$diff_associative_key:Dw
clojure$data$diff_sequential:Gw
clojure$data$diff_set:Hw
clojure$data$diff_similar:Jw
clojure$data$equality_partition:Iw
clojure$data$vectorize:Cw
clojure$set$bubble_max_key:st
clojure$set$difference:vt
clojure$set$intersection:ut
clojure$set$union$cljs$0core$0IFn$0_invoke$0arity$02:tt
clojure$string$join$cljs$0core$0IFn$0_invoke$0arity$02:Os
clojure$string$replace:Ns
clojure$string$replace_all:Ls
clojure$string$replace_with:Ms
clojure$string$split$cljs$0core$0IFn$0_invoke$0arity$02:Qs
clojure$string$split$cljs$0core$0IFn$0_invoke$0arity$03:Rs
clojure$string$split_with_empty_regex:Ps
com$cognitect$transit$eq$equals:aG
com$cognitect$transit$eq$hashArrayLike:gG
com$cognitect$transit$eq$hashCode:fG
com$cognitect$transit$eq$hashCodeCounter:$F
com$cognitect$transit$eq$hashCombine:bG
com$cognitect$transit$eq$hashMapLike:eG
com$cognitect$transit$eq$stringCodeCache:cG
com$cognitect$transit$eq$stringCodeCacheSize:dG
com$cognitect$transit$util$isArray:YF
com$cognitect$transit$util$objectKeys:XF
com$cognitect$transit$util$randHex:ZF
container$jscomp$inline_3009:GG
count__9547_9694$jscomp$inline_2996:uG
day8$re_frame$http_fx$ajax_xhrio_handler:Yx
day8$re_frame$http_fx$dispatch_on_request:$x
day8$re_frame$http_fx$request__GT_xhrio_options:Zx
doc$jscomp$inline_2495:dv
docMode$jscomp$inline_1421:cv
event_v$jscomp$inline_2987:rG
goog:aa
goog$Disposable:hv
goog$Disposable$MonitoringMode$OFF:iv
goog$Timer$callOnce:yx
goog$UID_PROPERTY_:na
goog$async$nextTick:gv
goog$bind:sa
goog$bindJs_:ra
goog$bindNative_:qa
goog$dom$createElement:fv
goog$events$BrowserEvent:lv
goog$events$BrowserEvent$IE_POINTER_TYPE_MAP:mv
goog$events$BrowserFeature$PASSIVE_EVENTS:kv
goog$events$Event:jv
goog$events$EventTarget:Iv
goog$events$LISTENER_MAP_PROP_:uv
goog$events$LISTENER_WRAPPER_PROP_:Hv
goog$events$Listenable$IMPLEMENTED_BY_PROP:ov
goog$events$ListenableKey$counter_:nv
goog$events$Listener:pv
goog$events$ListenerMap:rv
goog$events$ListenerMap$findListenerIndex_:sv
goog$events$getListenerMap_:Bv
goog$events$getOnString_:Dv
goog$events$getProxy:Cv
goog$events$handleBrowserEvent_:Ev
goog$events$listen:xv
goog$events$listenOnce:yv
goog$events$listen_:Av
goog$events$listenerCountEstimate_:wv
goog$events$onStringMap_:vv
goog$events$unlisten:Fv
goog$events$unlistenByKey:Gv
goog$events$wrapListener:zv
goog$getUid:ma
goog$global:fa
goog$inherits:va
goog$isObject:ka
goog$net$DefaultXmlHttpFactory:Dx
goog$net$ErrorCode$getDebugMessage:Rw
goog$net$XhrIo:Fx
goog$net$XhrIo$HTTP_SCHEME_PATTERN:Hx
goog$net$XhrIo$METHODS_WITH_FORM_DATA:Ix
goog$net$XhrIo$ResponseType$DEFAULT:Gx
goog$net$XhrIo$buildProgressEvent_:Qx
goog$net$XhrIo$shouldUseXhr2Timeout_:Lx
goog$net$XmlHttp$factory_:Cx
goog$net$XmlHttpFactory:zx
goog$nullFunction:ha
goog$reflect$cache:xa
goog$reflect$sinkValue:wa
goog$string$StringBuffer:kb
goog$string$internal$compareElements_:Ta
goog$string$internal$contains:Sa
goog$string$internal$endsWith:Oa
goog$string$internal$isEmptyOrWhitespace:Qa
goog$string$internal$trim:Ra
goog$string$isUnicodeChar:hb
goog$string$splitLimit:ib
goog$typeOf:ja
goog$uidCounter_:pa
goog$uri$utils$splitRe_:jb
goog$userAgent$EDGE:Wu
goog$userAgent$GECKO:Xu
goog$userAgent$IE:Vu
goog$userAgent$OPERA:Uu
goog$userAgent$VERSION:$u
goog$userAgent$WEBKIT:Yu
goog$userAgent$isVersionOrHigher:ev
goog$userAgent$isVersionOrHigherCache_:za
hierarchy__4751__auto__$jscomp$inline_2674:ZA
hierarchy__4751__auto__$jscomp$inline_2708:qB
hierarchy__4751__auto__$jscomp$inline_2777:RB
i__9548_9695$jscomp$inline_2997:vG
listener$jscomp$inline_1471:Vv
method_cache__4749__auto__$jscomp$inline_2672:XA
method_cache__4749__auto__$jscomp$inline_2706:oB
method_cache__4749__auto__$jscomp$inline_2775:PB
method_table__4747__auto__$jscomp$inline_2670:VA
method_table__4747__auto__$jscomp$inline_2704:mB
method_table__4747__auto__$jscomp$inline_2773:NB
module$contents$goog$array_defaultCompare:cb
module$contents$goog$array_indexOf:$a
module$contents$goog$array_sort:bb
module$contents$goog$array_stableSort:db
module$contents$goog$array_toArray:ab
module$contents$goog$labs$userAgent$platform_isIphone:Tu
module$contents$goog$labs$userAgent$util_matchUserAgent:gb
module$contents$goog$labs$userAgent$util_userAgentInternal:fb
module$contents$goog$math$Long_Long:Ba
module$contents$goog$math$Long_Long$fromBits:Aa
module$contents$goog$math$Long_Long$fromNumber:Ca
module$contents$goog$math$Long_Long$fromString:Ha
module$contents$goog$math$Long_MAX_VALUE_:Da
module$contents$goog$math$Long_MIN_VALUE_:Ea
module$contents$goog$math$Long_NEG_ONE_:Na
module$contents$goog$math$Long_ONE_:Ma
module$contents$goog$math$Long_ZERO_:Ga
module$contents$goog$object_PROTOTYPE_FIELDS:Xa
module$contents$goog$object_extend:Ya
module$contents$goog$object_get:Wa
module$contents$goog$object_getKeys:Va
module$contents$goog$object_map:Ua
module$node_modules$react$index:Js
module$node_modules$react_dom$index:Ks
navigator$jscomp$inline_1417:Zu
prefer_table__4748__auto__$jscomp$inline_2671:WA
prefer_table__4748__auto__$jscomp$inline_2705:nB
prefer_table__4748__auto__$jscomp$inline_2774:OB
re_frame$cofx$inject_db:Aw
re_frame$core$reg_event_db:Nw
re_frame$core$reg_event_fx$cljs$0core$0IFn$0_invoke$0arity$02:Ow
re_frame$core$reg_sub$cljs$0core$0IFn$0_invoke$0arity$0variadic:Pw
re_frame$db$app_db:Qv
re_frame$events$_STAR_handling_STAR_:ew
re_frame$events$handle:fw
re_frame$fx$dispatch_later:zw
re_frame$fx$do_fx:yw
re_frame$fx$kind:xw
re_frame$interceptor$__GT_interceptor:$v
re_frame$interceptor$assoc_coeffect:bw
re_frame$interceptor$enqueue:dw
re_frame$interceptor$get_coeffect$cljs$0core$0IFn$0_invoke$0arity$02:aw
re_frame$interceptor$invoke_interceptors:cw
re_frame$interop$add_on_dispose_BANG_:Nv
re_frame$interop$deref_QMARK_:Mv
re_frame$interop$empty_queue:Lv
re_frame$interop$reagent_id:Pv
re_frame$interop$set_timeout_BANG_:Ov
re_frame$loggers$console:Sv
re_frame$loggers$loggers:Rv
re_frame$registrar$clear_handlers:Zv
re_frame$registrar$get_handler$cljs$0core$0IFn$0_invoke$0arity$02:Xv
re_frame$registrar$kind__GT_id__GT_handler:Wv
re_frame$registrar$register_handler:Yv
re_frame$router$dispatch:ww
re_frame$router$event_queue:vw
re_frame$router$later_fns:ow
re_frame$settings$store:Uv
re_frame$std_interceptors$db_handler__GT_interceptor:Kw
re_frame$std_interceptors$fx_handler__GT_interceptor:Lw
re_frame$std_interceptors$inject_global_interceptors:Mw
re_frame$subs$cache_and_return:iw
re_frame$subs$cache_lookup$cljs$0core$0IFn$0_invoke$0arity$02:jw
re_frame$subs$deref_input_signals:mw
re_frame$subs$kind:gw
re_frame$subs$map_vals:lw
re_frame$subs$query__GT_reaction:hw
re_frame$subs$reg_sub:nw
re_frame$subs$subscribe:kw
re_frame$utils$first_in_vector:Tv
reagent:Ss
reagent$core$after_render:Kv
reagent$dom$render$cljs$0core$0IFn$0_invoke$0arity$03:Qu
reagent$dom$render_comp:Pu
reagent$dom$roots:Ou
reagent$impl:Ts
reagent$impl$batching$compare_mount_order:gt
reagent$impl$batching$fake_raf:et
reagent$impl$batching$mount_count:dt
reagent$impl$batching$next_tick:ft
reagent$impl$batching$queue_render:nt
reagent$impl$batching$ratom_flush:ht
reagent$impl$batching$render_queue:mt
reagent$impl$batching$run_funs:it
reagent$impl$component$_STAR_current_component_STAR_:Wt
reagent$impl$component$built_in_static_method_names:gu
reagent$impl$component$cache_react_class:iu
reagent$impl$component$camelify_map_keys:cu
reagent$impl$component$cljsify:fu
reagent$impl$component$create_class:hu
reagent$impl$component$custom_wrapper:$t
reagent$impl$component$dash_to_method_name:bu
reagent$impl$component$functional_render:ku
reagent$impl$component$functional_render_fn:mu
reagent$impl$component$functional_render_memo_fn:lu
reagent$impl$component$functional_wrap_render:ju
reagent$impl$component$map_to_js:eu
reagent$impl$component$obligatory:au
reagent$impl$component$props_argv:Xt
reagent$impl$component$rat_opts:Vt
reagent$impl$component$reagent_class_QMARK_:Yt
reagent$impl$component$wrap_funs:du
reagent$impl$component$wrap_render:Zt
reagent$impl$input$input_component_set_value:pu
reagent$impl$input$input_handle_change:qu
reagent$impl$input$input_node_set_value:ou
reagent$impl$input$input_render_setup:ru
reagent$impl$input$input_spec:su
reagent$impl$input$these_inputs_have_selection_api:nu
reagent$impl$protocols$as_element:qt
reagent$impl$protocols$get_id:ot
reagent$impl$protocols$make_element:rt
reagent$impl$protocols$parse_tag:pt
reagent$impl$template:tu
reagent$impl$template$HiccupTag:Eu
reagent$impl$template$cache_get:xu
reagent$impl$template$cached_parse:Ju
reagent$impl$template$convert_custom_prop_value:Cu
reagent$impl$template$convert_prop_value:zu
reagent$impl$template$custom_kv_conv:Bu
reagent$impl$template$custom_prop_name_cache:Au
reagent$impl$template$default_compiler:Nu
reagent$impl$template$expand_seq:Lu
reagent$impl$template$function_element:Gu
reagent$impl$template$kv_conv:yu
reagent$impl$template$make_element:Du
reagent$impl$template$maybe_function_element:Hu
reagent$impl$template$native_element:Ku
reagent$impl$template$prop_name_cache:wu
reagent$impl$template$re_tag:vu
reagent$impl$template$reag_element:Fu
reagent$impl$template$t_reagent$0impl$0template8377:uu
reagent$impl$template$tag_name_cache:Iu
reagent$impl$template$vec_to_elem:Mu
reagent$impl$util$_STAR_always_update_STAR_:at
reagent$impl$util$capitalize:Ws
reagent$impl$util$class_names:$s
reagent$impl$util$dash_to_prop_name:Xs
reagent$impl$util$dont_camel_case:Vs
reagent$impl$util$fun_name:Ys
reagent$impl$util$get_react_key:bt
reagent$impl$util$is_client:Us
reagent$impl$util$named_QMARK_:Zs
reagent$impl$util$react_key_from_vec:ct
reagent$ratom$RAtom:Et
reagent$ratom$RCursor:Jt
reagent$ratom$Reaction:Pt
reagent$ratom$Track:It
reagent$ratom$_STAR_ratom_context_STAR_:wt
reagent$ratom$add_on_dispose_BANG_:Nt
reagent$ratom$add_w:zt
reagent$ratom$atom:Ft
reagent$ratom$cached_reaction:Gt
reagent$ratom$deref_capture:xt
reagent$ratom$dispose_BANG_:Mt
reagent$ratom$flush_BANG_:St
reagent$ratom$handle_reaction_change:cd
reagent$ratom$make_reaction:Ht
reagent$ratom$notify_deref_watcher_BANG_:yt
reagent$ratom$notify_w:Bt
reagent$ratom$pr_atom:Ct
reagent$ratom$rea_queue:Dt
reagent$ratom$remove_w:At
reagent$ratom$run_in_reaction:Ut
reagent$ratom$temp_reaction:Tt
req$jscomp$inline_2150:kG
root_el$jscomp$inline_2881:Ru
rxn_9698$jscomp$inline_2999:xG
rxn_9712$jscomp$inline_3007:FG
seq__9545_9692$jscomp$inline_2994:sG
seq__9545_9704__$1$jscomp$inline_3001:zG
shadow$js$files:Fs
shadow$js$jsRequire:Is
shadow$js$nativeRequires:Gs
shadow$js$requireStack:Hs
temp__5753__auto___9703$jscomp$inline_3000:yG
vec__9558_9696$jscomp$inline_2998:wG
vec__9566_9710$jscomp$inline_3006:EG
version$jscomp$inline_1419:av
